"../../../Engine/Content/EditorResources/S_Actor.ubulk" 0
"../../../Engine/Content/EditorResources/S_Actor.uasset" 1
"../../../Engine/Content/EditorResources/S_Actor.uexp" 2
"../../../Engine/Content/EditorResources/S_BoxReflectionCapture.uasset" 3
"../../../Engine/Content/EditorResources/S_BoxReflectionCapture.uexp" 4
"../../../Engine/Content/EngineResources/DefaultTexture.ubulk" 5
"../../../Engine/Content/EngineResources/DefaultTexture.uasset" 6
"../../../Engine/Content/EngineResources/DefaultTexture.uexp" 7
"../../../Engine/Content/EngineResources/DefaultTextureCube.uasset" 8
"../../../Engine/Content/EngineResources/DefaultTextureCube.uexp" 9
"../../../Engine/Content/EngineResources/DefaultVolumeTexture2D.uasset" 10
"../../../Engine/Content/EngineResources/DefaultVolumeTexture2D.uexp" 11
"../../../Engine/Content/EngineResources/DefaultVolumeTexture.uasset" 12
"../../../Engine/Content/EngineResources/DefaultVolumeTexture.uexp" 13
"../../../Engine/Content/EditorResources/S_Trigger.ubulk" 14
"../../../Engine/Content/EditorResources/S_Trigger.uasset" 15
"../../../Engine/Content/EditorResources/S_Trigger.uexp" 16
"../../../Engine/Content/EditorResources/S_TriggerBox.uasset" 17
"../../../Engine/Content/EditorResources/S_TriggerBox.uexp" 18
"../../../Engine/Content/EditorResources/S_TriggerCapsule.uasset" 19
"../../../Engine/Content/EditorResources/S_TriggerCapsule.uexp" 20
"../../../Engine/Content/EditorResources/S_TriggerSphere.uasset" 21
"../../../Engine/Content/EditorResources/S_TriggerSphere.uexp" 22
"../../../Engine/Content/EngineMeshes/Sphere.ubulk" 23
"../../../Engine/Content/EngineMeshes/Sphere.uasset" 24
"../../../Engine/Content/EngineMeshes/Sphere.uexp" 25
"../../../Engine/Content/EngineResources/GradientTexture0.uasset" 26
"../../../Engine/Content/EngineResources/GradientTexture0.uexp" 27
"../../../Engine/Content/EngineResources/Black.uasset" 28
"../../../Engine/Content/EngineResources/Black.uexp" 29
"../../../Engine/Content/VREditor/LaserPointer/VR_LaserPower_01.ubulk" 30
"../../../Engine/Content/VREditor/LaserPointer/VR_LaserPower_01.uasset" 31
"../../../Engine/Content/VREditor/LaserPointer/VR_LaserPower_01.uexp" 32
"../../../Engine/Content/VREditor/TransformGizmo/TransformGizmoMaterial.uasset" 33
"../../../Engine/Content/VREditor/TransformGizmo/TransformGizmoMaterial.uexp" 34
"../../../Engine/Content/VREditor/TransformGizmo/TranslucentTransformGizmoMaterial.uasset" 35
"../../../Engine/Content/VREditor/TransformGizmo/TranslucentTransformGizmoMaterial.uexp" 36
"../../../Engine/Content/VREditor/TransformGizmo/BoundingBoxCorner.ubulk" 37
"../../../Engine/Content/VREditor/TransformGizmo/BoundingBoxCorner.uasset" 38
"../../../Engine/Content/VREditor/TransformGizmo/BoundingBoxCorner.uexp" 39
"../../../Engine/Content/VREditor/TransformGizmo/BoundingBoxEdge.ubulk" 40
"../../../Engine/Content/VREditor/TransformGizmo/BoundingBoxEdge.uasset" 41
"../../../Engine/Content/VREditor/TransformGizmo/BoundingBoxEdge.uexp" 42
"../../../Engine/Content/VREditor/TransformGizmo/Main.uasset" 43
"../../../Engine/Content/VREditor/TransformGizmo/Main.uexp" 44
"../../../Engine/Content/VREditor/TransformGizmo/Xray.uasset" 45
"../../../Engine/Content/VREditor/TransformGizmo/Xray.uexp" 46
"../../../Engine/Content/VREditor/TransformGizmo/SM_Sequencer_Node.ubulk" 47
"../../../Engine/Content/VREditor/TransformGizmo/SM_Sequencer_Node.uasset" 48
"../../../Engine/Content/VREditor/TransformGizmo/SM_Sequencer_Node.uexp" 49
"../../../Engine/Content/EditorResources/S_Solver.ubulk" 50
"../../../Engine/Content/EditorResources/S_Solver.uasset" 51
"../../../Engine/Content/EditorResources/S_Solver.uexp" 52
"../../../Engine/Content/EditorMaterials/Camera/CineMat.uasset" 53
"../../../Engine/Content/EditorMaterials/Camera/CineMat.uexp" 54
"../../../Engine/Content/EditorMaterials/Camera/MI_CineMat_Rig.uasset" 55
"../../../Engine/Content/EditorMaterials/Camera/MI_CineMat_Rig.uexp" 56
"../../../Engine/Content/EditorMeshes/Camera/SM_CraneRig_Base.ubulk" 57
"../../../Engine/Content/EditorMeshes/Camera/SM_CraneRig_Base.uasset" 58
"../../../Engine/Content/EditorMeshes/Camera/SM_CraneRig_Base.uexp" 59
"../../../Engine/Content/EditorMeshes/Camera/SM_CraneRig_Arm.ubulk" 60
"../../../Engine/Content/EditorMeshes/Camera/SM_CraneRig_Arm.uasset" 61
"../../../Engine/Content/EditorMeshes/Camera/SM_CraneRig_Arm.uexp" 62
"../../../Engine/Content/EditorMeshes/Camera/SM_CraneRig_Mount.ubulk" 63
"../../../Engine/Content/EditorMeshes/Camera/SM_CraneRig_Mount.uasset" 64
"../../../Engine/Content/EditorMeshes/Camera/SM_CraneRig_Mount.uexp" 65
"../../../Engine/Content/EditorMeshes/Camera/SM_CraneRig_Body.ubulk" 66
"../../../Engine/Content/EditorMeshes/Camera/SM_CraneRig_Body.uasset" 67
"../../../Engine/Content/EditorMeshes/Camera/SM_CraneRig_Body.uexp" 68
"../../../Engine/Content/EditorMeshes/Camera/SM_RailRig_Track.ubulk" 69
"../../../Engine/Content/EditorMeshes/Camera/SM_RailRig_Track.uasset" 70
"../../../Engine/Content/EditorMeshes/Camera/SM_RailRig_Track.uexp" 71
"../../../Engine/Content/EditorMeshes/Camera/SM_RailRig_Mount.ubulk" 72
"../../../Engine/Content/EditorMeshes/Camera/SM_RailRig_Mount.uasset" 73
"../../../Engine/Content/EditorMeshes/Camera/SM_RailRig_Mount.uexp" 74
"../../../Engine/Content/EngineMaterials/T_Default_Material_Grid_M.ubulk" 75
"../../../Engine/Content/EngineMaterials/T_Default_Material_Grid_M.uasset" 76
"../../../Engine/Content/EngineMaterials/T_Default_Material_Grid_M.uexp" 77
"../../../Engine/Content/EngineMaterials/T_Default_Material_Grid_N.ubulk" 78
"../../../Engine/Content/EngineMaterials/T_Default_Material_Grid_N.uasset" 79
"../../../Engine/Content/EngineMaterials/T_Default_Material_Grid_N.uexp" 80
"../../../Engine/Content/Functions/Engine_MaterialFunctions01/Opacity/CameraDepthFade.uasset" 81
"../../../Engine/Content/Functions/Engine_MaterialFunctions01/Opacity/CameraDepthFade.uexp" 82
"../../../Engine/Content/EngineMaterials/WorldGridMaterial.uasset" 83
"../../../Engine/Content/EngineMaterials/WorldGridMaterial.uexp" 84
"../../../Engine/Content/ArtTools/RenderToTexture/Meshes/S_1_Unit_Plane.ubulk" 85
"../../../Engine/Content/ArtTools/RenderToTexture/Meshes/S_1_Unit_Plane.uasset" 86
"../../../Engine/Content/ArtTools/RenderToTexture/Meshes/S_1_Unit_Plane.uexp" 87
"../../../Engine/Content/EditorMaterials/ParticleSystems/PSysThumbnail_NoImage.ubulk" 88
"../../../Engine/Content/EditorMaterials/ParticleSystems/PSysThumbnail_NoImage.uasset" 89
"../../../Engine/Content/EditorMaterials/ParticleSystems/PSysThumbnail_NoImage.uexp" 90
"../../../Engine/Content/EditorMaterials/ParticleSystems/PSysThumbnail_OOD.ubulk" 91
"../../../Engine/Content/EditorMaterials/ParticleSystems/PSysThumbnail_OOD.uasset" 92
"../../../Engine/Content/EditorMaterials/ParticleSystems/PSysThumbnail_OOD.uexp" 93
"../../../Engine/Content/EditorLandscapeResources/SplineEditorMeshMat.uasset" 94
"../../../Engine/Content/EditorLandscapeResources/SplineEditorMeshMat.uexp" 95
"../../../Engine/Content/EditorLandscapeResources/SplineEditorMesh.ubulk" 96
"../../../Engine/Content/EditorLandscapeResources/SplineEditorMesh.uasset" 97
"../../../Engine/Content/EditorLandscapeResources/SplineEditorMesh.uexp" 98
"../../../Engine/Plugins/Media/MediaPlate/Content/SM_MediaPlateScreen.ubulk" 99
"../../../Engine/Plugins/Media/MediaPlate/Content/SM_MediaPlateScreen.uasset" 100
"../../../Engine/Plugins/Media/MediaPlate/Content/SM_MediaPlateScreen.uexp" 101
"../../../Engine/Content/EngineMaterials/DefaultBokeh.uasset" 102
"../../../Engine/Content/EngineMaterials/DefaultBokeh.uexp" 103
"../../../Engine/Content/EngineMaterials/MiniFont.uasset" 104
"../../../Engine/Content/EngineMaterials/MiniFont.uexp" 105
"../../../Engine/Content/EngineMaterials/WeightMapPlaceholderTexture.uasset" 106
"../../../Engine/Content/EngineMaterials/WeightMapPlaceholderTexture.uexp" 107
"../../../Engine/Content/EngineMaterials/WeightMapArrayPlaceholderTexture.uasset" 108
"../../../Engine/Content/EngineMaterials/WeightMapArrayPlaceholderTexture.uexp" 109
"../../../Engine/Content/EngineMaterials/DefaultWhiteGrid.ubulk" 110
"../../../Engine/Content/EngineMaterials/DefaultWhiteGrid.uasset" 111
"../../../Engine/Content/EngineMaterials/DefaultWhiteGrid.uexp" 112
"../../../Engine/Content/EngineMaterials/PreintegratedSkinBRDF.uasset" 113
"../../../Engine/Content/EngineMaterials/PreintegratedSkinBRDF.uexp" 114
"C:/Users/rhigginso/Desktop/Class Folders/4) Senior - Fall/Unreal/MidTerm_Scripting/Content/Materials/BulletMat.uasset" 115
"C:/Users/rhigginso/Desktop/Class Folders/4) Senior - Fall/Unreal/MidTerm_Scripting/Content/Materials/BulletMat.uexp" 116
"../../../Engine/Content/Functions/Engine_MaterialFunctions02/WorldPositionOffset/CameraOffset.uasset" 117
"../../../Engine/Content/Functions/Engine_MaterialFunctions02/WorldPositionOffset/CameraOffset.uexp" 118
"../../../Engine/Plugins/Animation/ControlRig/Content/M_Manip.uasset" 119
"../../../Engine/Plugins/Animation/ControlRig/Content/M_Manip.uexp" 120
"../../../Engine/Plugins/Animation/ACLPlugin/Content/ACLAnimCurveCompressionSettings.uasset" 121
"../../../Engine/Plugins/Animation/ACLPlugin/Content/ACLAnimCurveCompressionSettings.uexp" 122
"../../../Engine/Plugins/Animation/ACLPlugin/Content/ACLAnimBoneCompressionSettings.uasset" 123
"../../../Engine/Plugins/Animation/ACLPlugin/Content/ACLAnimBoneCompressionSettings.uexp" 124
"../../../Engine/Plugins/2D/Paper2D/Content/PlaceholderTextures/DummySpriteTexture.ubulk" 125
"../../../Engine/Plugins/2D/Paper2D/Content/PlaceholderTextures/DummySpriteTexture.uasset" 126
"../../../Engine/Plugins/2D/Paper2D/Content/PlaceholderTextures/DummySpriteTexture.uexp" 127
"../../../Engine/Plugins/2D/Paper2D/Content/DefaultSpriteMaterial.uasset" 128
"../../../Engine/Plugins/2D/Paper2D/Content/DefaultSpriteMaterial.uexp" 129
"../../../Engine/Plugins/2D/Paper2D/Content/OpaqueUnlitSpriteMaterial.uasset" 130
"../../../Engine/Plugins/2D/Paper2D/Content/OpaqueUnlitSpriteMaterial.uexp" 131
"../../../Engine/Plugins/2D/Paper2D/Content/MaskedUnlitSpriteMaterial.uasset" 132
"../../../Engine/Plugins/2D/Paper2D/Content/MaskedUnlitSpriteMaterial.uexp" 133
"../../../Engine/Plugins/2D/Paper2D/Content/DummySprite.uasset" 134
"../../../Engine/Plugins/2D/Paper2D/Content/DummySprite.uexp" 135
"../../../Engine/Plugins/2D/Paper2D/Content/DefaultPaperTerrainMaterial.uasset" 136
"../../../Engine/Plugins/2D/Paper2D/Content/DefaultPaperTerrainMaterial.uexp" 137
"C:/Users/rhigginso/Desktop/Class Folders/4) Senior - Fall/Unreal/MidTerm_Scripting/Content/Materials/White.uasset" 138
"C:/Users/rhigginso/Desktop/Class Folders/4) Senior - Fall/Unreal/MidTerm_Scripting/Content/Materials/White.uexp" 139
"C:/Users/rhigginso/Desktop/Class Folders/4) Senior - Fall/Unreal/MidTerm_Scripting/Content/Materials/Rainbow-gradient-fully-saturated-diagonal_svg__1_.ubulk" 140
"C:/Users/rhigginso/Desktop/Class Folders/4) Senior - Fall/Unreal/MidTerm_Scripting/Content/Materials/Rainbow-gradient-fully-saturated-diagonal_svg__1_.uasset" 141
"C:/Users/rhigginso/Desktop/Class Folders/4) Senior - Fall/Unreal/MidTerm_Scripting/Content/Materials/Rainbow-gradient-fully-saturated-diagonal_svg__1_.uexp" 142
"C:/Users/rhigginso/Desktop/Class Folders/4) Senior - Fall/Unreal/MidTerm_Scripting/Content/Materials/Rainbow-gradient-fully-saturated-diagonal_svg__1__Mat.uasset" 143
"C:/Users/rhigginso/Desktop/Class Folders/4) Senior - Fall/Unreal/MidTerm_Scripting/Content/Materials/Rainbow-gradient-fully-saturated-diagonal_svg__1__Mat.uexp" 144
"../../../Engine/Content/BasicShapes/Cube.ubulk" 145
"../../../Engine/Content/BasicShapes/Cube.uasset" 146
"../../../Engine/Content/BasicShapes/Cube.uexp" 147
"../../../Engine/Content/EngineMaterials/DefaultMaterial.uasset" 148
"../../../Engine/Content/EngineMaterials/DefaultMaterial.uexp" 149
"../../../Engine/Content/BasicShapes/Sphere.ubulk" 150
"../../../Engine/Content/BasicShapes/Sphere.uasset" 151
"../../../Engine/Content/BasicShapes/Sphere.uexp" 152
"../../../Engine/Content/BasicShapes/Cylinder.ubulk" 153
"../../../Engine/Content/BasicShapes/Cylinder.uasset" 154
"../../../Engine/Content/BasicShapes/Cylinder.uexp" 155
"../../../Engine/Content/BasicShapes/BasicShapeMaterial.uasset" 156
"../../../Engine/Content/BasicShapes/BasicShapeMaterial.uexp" 157
"C:/Users/rhigginso/Desktop/Class Folders/4) Senior - Fall/Unreal/MidTerm_Scripting/Content/Blueprint_E/PauseMenu.uasset" 158
"C:/Users/rhigginso/Desktop/Class Folders/4) Senior - Fall/Unreal/MidTerm_Scripting/Content/Blueprint_E/PauseMenu.uexp" 159
"C:/Users/rhigginso/Desktop/Class Folders/4) Senior - Fall/Unreal/MidTerm_Scripting/Content/UI/UI_Victory.uasset" 160
"C:/Users/rhigginso/Desktop/Class Folders/4) Senior - Fall/Unreal/MidTerm_Scripting/Content/UI/UI_Victory.uexp" 161
"C:/Users/rhigginso/Desktop/Class Folders/4) Senior - Fall/Unreal/MidTerm_Scripting/Content/UI/HUD_Score.uasset" 162
"C:/Users/rhigginso/Desktop/Class Folders/4) Senior - Fall/Unreal/MidTerm_Scripting/Content/UI/HUD_Score.uexp" 163
"C:/Users/rhigginso/Desktop/Class Folders/4) Senior - Fall/Unreal/MidTerm_Scripting/Content/Image/Screenshot_2024-10-10_185043.uasset" 164
"C:/Users/rhigginso/Desktop/Class Folders/4) Senior - Fall/Unreal/MidTerm_Scripting/Content/Image/Screenshot_2024-10-10_185043.uexp" 165
"C:/Users/rhigginso/Desktop/Class Folders/4) Senior - Fall/Unreal/MidTerm_Scripting/Content/Blueprint_E/MainMenu.uasset" 166
"C:/Users/rhigginso/Desktop/Class Folders/4) Senior - Fall/Unreal/MidTerm_Scripting/Content/Blueprint_E/MainMenu.uexp" 167
"C:/Users/rhigginso/Desktop/Class Folders/4) Senior - Fall/Unreal/MidTerm_Scripting/Content/Blueprints/ScoreManager.uasset" 168
"C:/Users/rhigginso/Desktop/Class Folders/4) Senior - Fall/Unreal/MidTerm_Scripting/Content/Blueprints/ScoreManager.uexp" 169
"C:/Users/rhigginso/Desktop/Class Folders/4) Senior - Fall/Unreal/MidTerm_Scripting/Content/Blueprints/Bullet.uasset" 170
"C:/Users/rhigginso/Desktop/Class Folders/4) Senior - Fall/Unreal/MidTerm_Scripting/Content/Blueprints/Bullet.uexp" 171
"C:/Users/rhigginso/Desktop/Class Folders/4) Senior - Fall/Unreal/MidTerm_Scripting/Content/Inputs/InputsPlayer/PauseGame.uasset" 172
"C:/Users/rhigginso/Desktop/Class Folders/4) Senior - Fall/Unreal/MidTerm_Scripting/Content/Inputs/InputsPlayer/PauseGame.uexp" 173
"C:/Users/rhigginso/Desktop/Class Folders/4) Senior - Fall/Unreal/MidTerm_Scripting/Content/Blueprint_E/MasterTankController.uasset" 174
"C:/Users/rhigginso/Desktop/Class Folders/4) Senior - Fall/Unreal/MidTerm_Scripting/Content/Blueprint_E/MasterTankController.uexp" 175
"C:/Users/rhigginso/Desktop/Class Folders/4) Senior - Fall/Unreal/MidTerm_Scripting/Content/Blueprint_E/PlayerTankPawn.uasset" 176
"C:/Users/rhigginso/Desktop/Class Folders/4) Senior - Fall/Unreal/MidTerm_Scripting/Content/Blueprint_E/PlayerTankPawn.uexp" 177
"../../../Engine/Plugins/Runtime/MeshModelingToolset/Content/Materials/M_DynamicMeshComponentVtxColor.uasset" 178
"../../../Engine/Plugins/Runtime/MeshModelingToolset/Content/Materials/M_DynamicMeshComponentVtxColor.uexp" 179
"../../../Engine/Plugins/Interchange/Runtime/Content/Pipelines/DefaultTexturePipeline.uasset" 180
"../../../Engine/Plugins/Interchange/Runtime/Content/Pipelines/DefaultTexturePipeline.uexp" 181
"../../../Engine/Plugins/Interchange/Runtime/Content/Pipelines/DefaultSceneLevelPipeline.uasset" 182
"../../../Engine/Plugins/Interchange/Runtime/Content/Pipelines/DefaultSceneLevelPipeline.uexp" 183
"../../../Engine/Plugins/Interchange/Runtime/Content/Pipelines/DefaultSceneAssetsPipeline.uasset" 184
"../../../Engine/Plugins/Interchange/Runtime/Content/Pipelines/DefaultSceneAssetsPipeline.uexp" 185
"../../../Engine/Plugins/Interchange/Runtime/Content/Pipelines/DefaultMaterialXPipeline.uasset" 186
"../../../Engine/Plugins/Interchange/Runtime/Content/Pipelines/DefaultMaterialXPipeline.uexp" 187
"../../../Engine/Plugins/Interchange/Runtime/Content/Pipelines/DefaultMaterialPipeline.uasset" 188
"../../../Engine/Plugins/Interchange/Runtime/Content/Pipelines/DefaultMaterialPipeline.uexp" 189
"../../../Engine/Plugins/Interchange/Runtime/Content/Pipelines/DefaultGLTFSceneAssetsPipeline.uasset" 190
"../../../Engine/Plugins/Interchange/Runtime/Content/Pipelines/DefaultGLTFSceneAssetsPipeline.uexp" 191
"../../../Engine/Plugins/Interchange/Runtime/Content/Pipelines/DefaultGLTFPipeline.uasset" 192
"../../../Engine/Plugins/Interchange/Runtime/Content/Pipelines/DefaultGLTFPipeline.uexp" 193
"../../../Engine/Plugins/Interchange/Runtime/Content/Pipelines/DefaultGLTFAssetsPipeline.uasset" 194
"../../../Engine/Plugins/Interchange/Runtime/Content/Pipelines/DefaultGLTFAssetsPipeline.uexp" 195
"../../../Engine/Plugins/Interchange/Runtime/Content/Pipelines/DefaultAssetsPipeline.uasset" 196
"../../../Engine/Plugins/Interchange/Runtime/Content/Pipelines/DefaultAssetsPipeline.uexp" 197
"../../../Engine/Plugins/Interchange/Runtime/Content/Functions/MX_UsdPreviewSurface.uasset" 198
"../../../Engine/Plugins/Interchange/Runtime/Content/Functions/MX_UsdPreviewSurface.uexp" 199
"../../../Engine/Plugins/Interchange/Runtime/Content/Functions/MX_UniformEDF.uasset" 200
"../../../Engine/Plugins/Interchange/Runtime/Content/Functions/MX_UniformEDF.uexp" 201
"../../../Engine/Plugins/Interchange/Runtime/Content/Functions/MX_TranslucentBSDF.uasset" 202
"../../../Engine/Plugins/Interchange/Runtime/Content/Functions/MX_TranslucentBSDF.uexp" 203
"../../../Engine/Plugins/Interchange/Runtime/Content/Functions/MX_ThinFilmBSDF.uasset" 204
"../../../Engine/Plugins/Interchange/Runtime/Content/Functions/MX_ThinFilmBSDF.uexp" 205
"../../../Engine/Plugins/Interchange/Runtime/Content/Functions/MX_SurfaceUnlit.uasset" 206
"../../../Engine/Plugins/Interchange/Runtime/Content/Functions/MX_SurfaceUnlit.uexp" 207
"../../../Engine/Plugins/Interchange/Runtime/Content/Functions/MX_Surface.uasset" 208
"../../../Engine/Plugins/Interchange/Runtime/Content/Functions/MX_Surface.uexp" 209
"../../../Engine/Plugins/Interchange/Runtime/Content/Functions/MX_SubsurfaceBSDF.uasset" 210
"../../../Engine/Plugins/Interchange/Runtime/Content/Functions/MX_SubsurfaceBSDF.uexp" 211
"../../../Engine/Plugins/Interchange/Runtime/Content/Functions/MX_SheenBSDF.uasset" 212
"../../../Engine/Plugins/Interchange/Runtime/Content/Functions/MX_SheenBSDF.uexp" 213
"../../../Engine/Plugins/Interchange/Runtime/Content/Functions/MX_OrenNayarBSDF.uasset" 214
"../../../Engine/Plugins/Interchange/Runtime/Content/Functions/MX_OrenNayarBSDF.uexp" 215
"../../../Engine/Content/Functions/Engine_MaterialFunctions02/Utility/CameraDirectionVector.uasset" 216
"../../../Engine/Content/Functions/Engine_MaterialFunctions02/Utility/CameraDirectionVector.uexp" 217
"../../../Engine/Content/Functions/Engine_MaterialFunctions01/Volumetrics/BeersLaw.uasset" 218
"../../../Engine/Content/Functions/Engine_MaterialFunctions01/Volumetrics/BeersLaw.uexp" 219
"../../../Engine/Content/EngineMaterials/Good64x64TilingNoiseHighFreq.uasset" 220
"../../../Engine/Content/EngineMaterials/Good64x64TilingNoiseHighFreq.uexp" 221
"../../../Engine/Content/Functions/Engine_MaterialFunctions02/Texturing/ScreenAlignedPixelToPixelUVs.uasset" 222
"../../../Engine/Content/Functions/Engine_MaterialFunctions02/Texturing/ScreenAlignedPixelToPixelUVs.uexp" 223
"../../../Engine/Plugins/Interchange/Runtime/Content/gltf/MaterialFunctions/MF_Temporal_Blur.uasset" 224
"../../../Engine/Plugins/Interchange/Runtime/Content/gltf/MaterialFunctions/MF_Temporal_Blur.uexp" 225
"../../../Engine/Plugins/Interchange/Runtime/Content/gltf/MaterialFunctions/MF_Fresnel_DS.uasset" 226
"../../../Engine/Plugins/Interchange/Runtime/Content/gltf/MaterialFunctions/MF_Fresnel_DS.uexp" 227
"../../../Engine/Content/Functions/Engine_MaterialFunctions02/Utility/BreakOutFloat3Components.uasset" 228
"../../../Engine/Content/Functions/Engine_MaterialFunctions02/Utility/BreakOutFloat3Components.uexp" 229
"../../../Engine/Plugins/Interchange/Runtime/Content/Functions/MX_Transmission.uasset" 230
"../../../Engine/Plugins/Interchange/Runtime/Content/Functions/MX_Transmission.uexp" 231
"../../../Engine/Plugins/Interchange/Runtime/Content/Functions/MF_OrenNayerView.uasset" 232
"../../../Engine/Plugins/Interchange/Runtime/Content/Functions/MF_OrenNayerView.uexp" 233
"../../../Engine/Plugins/Interchange/Runtime/Content/Functions/MF_SchlickApprox.uasset" 234
"../../../Engine/Plugins/Interchange/Runtime/Content/Functions/MF_SchlickApprox.uexp" 235
"../../../Engine/Plugins/Interchange/Runtime/Content/Utilities/New_LUT.uasset" 236
"../../../Engine/Plugins/Interchange/Runtime/Content/Utilities/New_LUT.uexp" 237
"../../../Engine/Content/Functions/Engine_MaterialFunctions03/Math/RemapValueRange.uasset" 238
"../../../Engine/Content/Functions/Engine_MaterialFunctions03/Math/RemapValueRange.uexp" 239
"../../../Engine/Plugins/Interchange/Runtime/Content/Functions/MF_Iridescence.uasset" 240
"../../../Engine/Plugins/Interchange/Runtime/Content/Functions/MF_Iridescence.uexp" 241
"../../../Engine/Plugins/Interchange/Runtime/Content/Functions/MX_StandardSurface.uasset" 242
"../../../Engine/Plugins/Interchange/Runtime/Content/Functions/MX_StandardSurface.uexp" 243
"../../../Engine/Plugins/Interchange/Runtime/Content/Functions/MX_TransmissionSurface.uasset" 244
"../../../Engine/Plugins/Interchange/Runtime/Content/Functions/MX_TransmissionSurface.uexp" 245
"../../../Engine/Plugins/Interchange/Runtime/Content/Functions/MX_OpenPBR_Translucent.uasset" 246
"../../../Engine/Plugins/Interchange/Runtime/Content/Functions/MX_OpenPBR_Translucent.uexp" 247
"../../../Engine/Plugins/Interchange/Runtime/Content/Functions/MX_OpenPBR_Opaque.uasset" 248
"../../../Engine/Plugins/Interchange/Runtime/Content/Functions/MX_OpenPBR_Opaque.uexp" 249
"../../../Engine/Plugins/Interchange/Runtime/Content/Functions/MX_MeasuredEDF.uasset" 250
"../../../Engine/Plugins/Interchange/Runtime/Content/Functions/MX_MeasuredEDF.uexp" 251
"../../../Engine/Plugins/Interchange/Runtime/Content/Functions/MX_GeneralizedSchlickBSDF.uasset" 252
"../../../Engine/Plugins/Interchange/Runtime/Content/Functions/MX_GeneralizedSchlickBSDF.uexp" 253
"../../../Engine/Plugins/Interchange/Runtime/Content/Functions/MX_DielectricBSDF.uasset" 254
"../../../Engine/Plugins/Interchange/Runtime/Content/Functions/MX_DielectricBSDF.uexp" 255
"../../../Engine/Plugins/Interchange/Runtime/Content/Functions/MX_ConicalEDF.uasset" 256
"../../../Engine/Plugins/Interchange/Runtime/Content/Functions/MX_ConicalEDF.uexp" 257
"../../../Engine/Plugins/Interchange/Runtime/Content/Functions/MX_ConductorBSDF.uasset" 258
"../../../Engine/Plugins/Interchange/Runtime/Content/Functions/MX_ConductorBSDF.uexp" 259
"../../../Engine/Plugins/Interchange/Runtime/Content/Functions/MX_BurleyDiffuseBSDF.uasset" 260
"../../../Engine/Plugins/Interchange/Runtime/Content/Functions/MX_BurleyDiffuseBSDF.uexp" 261
"../../../Engine/Plugins/Interchange/Runtime/Content/Functions/MX_AnisotropicVDF.uasset" 262
"../../../Engine/Plugins/Interchange/Runtime/Content/Functions/MX_AnisotropicVDF.uexp" 263
"../../../Engine/Plugins/Interchange/Runtime/Content/Functions/MX_AbsorptionVDF.uasset" 264
"../../../Engine/Plugins/Interchange/Runtime/Content/Functions/MX_AbsorptionVDF.uexp" 265
"../../../Engine/Plugins/Editor/SpeedTreeImporter/Content/SpeedTree9/game_wind_noise.ubulk" 266
"../../../Engine/Plugins/Editor/SpeedTreeImporter/Content/SpeedTree9/game_wind_noise.uasset" 267
"../../../Engine/Plugins/Editor/SpeedTreeImporter/Content/SpeedTree9/game_wind_noise.uexp" 268
"../../../Engine/Plugins/Editor/SpeedTreeImporter/Content/SpeedTree9/UnpackDirection.uasset" 269
"../../../Engine/Plugins/Editor/SpeedTreeImporter/Content/SpeedTree9/UnpackDirection.uexp" 270
"../../../Engine/Content/Functions/Engine_MaterialFunctions02/ObjectLocalBounds.uasset" 271
"../../../Engine/Content/Functions/Engine_MaterialFunctions02/ObjectLocalBounds.uexp" 272
"../../../Engine/Content/Functions/Engine_MaterialFunctions02/UVs/BoundingBoxBased_0-1_UVW.uasset" 273
"../../../Engine/Content/Functions/Engine_MaterialFunctions02/UVs/BoundingBoxBased_0-1_UVW.uexp" 274
"../../../Engine/Content/Functions/Engine_MaterialFunctions02/Utility/VectorLength.uasset" 275
"../../../Engine/Content/Functions/Engine_MaterialFunctions02/Utility/VectorLength.uexp" 276
"../../../Engine/Plugins/Editor/SpeedTreeImporter/Content/SpeedTree9/UnpackInteger3.uasset" 277
"../../../Engine/Plugins/Editor/SpeedTreeImporter/Content/SpeedTree9/UnpackInteger3.uexp" 278
"../../../Engine/Plugins/Editor/SpeedTreeImporter/Content/SpeedTree9/SpeedTreeCameraFacing.uasset" 279
"../../../Engine/Plugins/Editor/SpeedTreeImporter/Content/SpeedTree9/SpeedTreeCameraFacing.uexp" 280
"../../../Engine/Content/Functions/Engine_MaterialFunctions02/WorldPositionOffset/ObjectScale.uasset" 281
"../../../Engine/Content/Functions/Engine_MaterialFunctions02/WorldPositionOffset/ObjectScale.uexp" 282
"../../../Engine/Content/Functions/Engine_MaterialFunctions02/SafeNormalize.uasset" 283
"../../../Engine/Content/Functions/Engine_MaterialFunctions02/SafeNormalize.uexp" 284
"../../../Engine/Plugins/Editor/SpeedTreeImporter/Content/SpeedTree9/SpeedTreeWindMotion.uasset" 285
"../../../Engine/Plugins/Editor/SpeedTreeImporter/Content/SpeedTree9/SpeedTreeWindMotion.uexp" 286
"../../../Engine/Plugins/Editor/SpeedTreeImporter/Content/SpeedTree9/SpeedTreeBranchMotion.uasset" 287
"../../../Engine/Plugins/Editor/SpeedTreeImporter/Content/SpeedTree9/SpeedTreeBranchMotion.uexp" 288
"../../../Engine/Plugins/Editor/SpeedTreeImporter/Content/SpeedTree9/SpeedTreeWind.uasset" 289
"../../../Engine/Plugins/Editor/SpeedTreeImporter/Content/SpeedTree9/SpeedTreeWind.uexp" 290
"../../../Engine/Plugins/Editor/SpeedTreeImporter/Content/SpeedTree9/EmptyNormal.uasset" 291
"../../../Engine/Plugins/Editor/SpeedTreeImporter/Content/SpeedTree9/EmptyNormal.uexp" 292
"../../../Engine/Plugins/Editor/SpeedTreeImporter/Content/SpeedTree9/Empty.uasset" 293
"../../../Engine/Plugins/Editor/SpeedTreeImporter/Content/SpeedTree9/Empty.uexp" 294
"../../../Engine/Plugins/Editor/SpeedTreeImporter/Content/SpeedTree9/SpeedTreeMaster.uasset" 295
"../../../Engine/Plugins/Editor/SpeedTreeImporter/Content/SpeedTree9/SpeedTreeMaster.uexp" 296
"../../../Engine/Plugins/Editor/SpeedTreeImporter/Content/SpeedTree9/SpeedTreeBillboard.uasset" 297
"../../../Engine/Plugins/Editor/SpeedTreeImporter/Content/SpeedTree9/SpeedTreeBillboard.uexp" 298
"../../../Engine/Plugins/Editor/SpeedTreeImporter/Content/SpeedTree9/SpeedTreeBillboardMaster.uasset" 299
"../../../Engine/Plugins/Editor/SpeedTreeImporter/Content/SpeedTree9/SpeedTreeBillboardMaster.uexp" 300
"../../../Engine/Plugins/Animation/ControlRig/Content/Controls/DefaultGizmoLibraryNormalized.uasset" 301
"../../../Engine/Plugins/Animation/ControlRig/Content/Controls/DefaultGizmoLibraryNormalized.uexp" 302
"../../../Engine/Plugins/Animation/ControlRig/Content/Controls/ControlRig_Wedge_solid.ubulk" 303
"../../../Engine/Plugins/Animation/ControlRig/Content/Controls/ControlRig_Wedge_solid.uasset" 304
"../../../Engine/Plugins/Animation/ControlRig/Content/Controls/ControlRig_Wedge_solid.uexp" 305
"../../../Engine/Plugins/Animation/ControlRig/Content/Controls/ControlRig_Wedge_3mm.ubulk" 306
"../../../Engine/Plugins/Animation/ControlRig/Content/Controls/ControlRig_Wedge_3mm.uasset" 307
"../../../Engine/Plugins/Animation/ControlRig/Content/Controls/ControlRig_Wedge_3mm.uexp" 308
"../../../Engine/Plugins/Animation/ControlRig/Content/Controls/ControlRig_Wedge_1mm.ubulk" 309
"../../../Engine/Plugins/Animation/ControlRig/Content/Controls/ControlRig_Wedge_1mm.uasset" 310
"../../../Engine/Plugins/Animation/ControlRig/Content/Controls/ControlRig_Wedge_1mm.uexp" 311
"../../../Engine/Plugins/Animation/ControlRig/Content/Controls/ControlRig_Triangle_solid.ubulk" 312
"../../../Engine/Plugins/Animation/ControlRig/Content/Controls/ControlRig_Triangle_solid.uasset" 313
"../../../Engine/Plugins/Animation/ControlRig/Content/Controls/ControlRig_Triangle_solid.uexp" 314
"../../../Engine/Plugins/Animation/ControlRig/Content/Controls/ControlRig_Triangle_3mm.ubulk" 315
"../../../Engine/Plugins/Animation/ControlRig/Content/Controls/ControlRig_Triangle_3mm.uasset" 316
"../../../Engine/Plugins/Animation/ControlRig/Content/Controls/ControlRig_Triangle_3mm.uexp" 317
"../../../Engine/Plugins/Animation/ControlRig/Content/Controls/ControlRig_Triangle_1mm.ubulk" 318
"../../../Engine/Plugins/Animation/ControlRig/Content/Controls/ControlRig_Triangle_1mm.uasset" 319
"../../../Engine/Plugins/Animation/ControlRig/Content/Controls/ControlRig_Triangle_1mm.uexp" 320
"../../../Engine/Plugins/Animation/ControlRig/Content/Controls/ControlRig_Star4_solid.ubulk" 321
"../../../Engine/Plugins/Animation/ControlRig/Content/Controls/ControlRig_Star4_solid.uasset" 322
"../../../Engine/Plugins/Animation/ControlRig/Content/Controls/ControlRig_Star4_solid.uexp" 323
"../../../Engine/Plugins/Animation/ControlRig/Content/Controls/ControlRig_Star4_3mm.ubulk" 324
"../../../Engine/Plugins/Animation/ControlRig/Content/Controls/ControlRig_Star4_3mm.uasset" 325
"../../../Engine/Plugins/Animation/ControlRig/Content/Controls/ControlRig_Star4_3mm.uexp" 326
"../../../Engine/Plugins/Animation/ControlRig/Content/Controls/ControlRig_Star4_1mm.ubulk" 327
"../../../Engine/Plugins/Animation/ControlRig/Content/Controls/ControlRig_Star4_1mm.uasset" 328
"../../../Engine/Plugins/Animation/ControlRig/Content/Controls/ControlRig_Star4_1mm.uexp" 329
"../../../Engine/Plugins/Animation/ControlRig/Content/Controls/ControlRig_Square_solid.ubulk" 330
"../../../Engine/Plugins/Animation/ControlRig/Content/Controls/ControlRig_Square_solid.uasset" 331
"../../../Engine/Plugins/Animation/ControlRig/Content/Controls/ControlRig_Square_solid.uexp" 332
"../../../Engine/Plugins/Animation/ControlRig/Content/Controls/ControlRig_Square_3mm.ubulk" 333
"../../../Engine/Plugins/Animation/ControlRig/Content/Controls/ControlRig_Square_3mm.uasset" 334
"../../../Engine/Plugins/Animation/ControlRig/Content/Controls/ControlRig_Square_3mm.uexp" 335
"../../../Engine/Plugins/Animation/ControlRig/Content/Controls/ControlRig_Square_1mm.ubulk" 336
"../../../Engine/Plugins/Animation/ControlRig/Content/Controls/ControlRig_Square_1mm.uasset" 337
"../../../Engine/Plugins/Animation/ControlRig/Content/Controls/ControlRig_Square_1mm.uexp" 338
"../../../Engine/Plugins/Animation/ControlRig/Content/Controls/ControlRig_Sphere_solid.ubulk" 339
"../../../Engine/Plugins/Animation/ControlRig/Content/Controls/ControlRig_Sphere_solid.uasset" 340
"../../../Engine/Plugins/Animation/ControlRig/Content/Controls/ControlRig_Sphere_solid.uexp" 341
"../../../Engine/Plugins/Animation/ControlRig/Content/Controls/ControlRig_Sphere_3mm.ubulk" 342
"../../../Engine/Plugins/Animation/ControlRig/Content/Controls/ControlRig_Sphere_3mm.uasset" 343
"../../../Engine/Plugins/Animation/ControlRig/Content/Controls/ControlRig_Sphere_3mm.uexp" 344
"../../../Engine/Plugins/Animation/ControlRig/Content/Controls/ControlRig_Sphere_1mm.ubulk" 345
"../../../Engine/Plugins/Animation/ControlRig/Content/Controls/ControlRig_Sphere_1mm.uasset" 346
"../../../Engine/Plugins/Animation/ControlRig/Content/Controls/ControlRig_Sphere_1mm.uexp" 347
"../../../Engine/Plugins/Animation/ControlRig/Content/Controls/ControlRig_RoundedTriangle_solid.ubulk" 348
"../../../Engine/Plugins/Animation/ControlRig/Content/Controls/ControlRig_RoundedTriangle_solid.uasset" 349
"../../../Engine/Plugins/Animation/ControlRig/Content/Controls/ControlRig_RoundedTriangle_solid.uexp" 350
"../../../Engine/Plugins/Animation/ControlRig/Content/Controls/ControlRig_RoundedTriangle_3mm.ubulk" 351
"../../../Engine/Plugins/Animation/ControlRig/Content/Controls/ControlRig_RoundedTriangle_3mm.uasset" 352
"../../../Engine/Plugins/Animation/ControlRig/Content/Controls/ControlRig_RoundedTriangle_3mm.uexp" 353
"../../../Engine/Plugins/Animation/ControlRig/Content/Controls/ControlRig_RoundedTriangle_1mm.ubulk" 354
"../../../Engine/Plugins/Animation/ControlRig/Content/Controls/ControlRig_RoundedTriangle_1mm.uasset" 355
"../../../Engine/Plugins/Animation/ControlRig/Content/Controls/ControlRig_RoundedTriangle_1mm.uexp" 356
"../../../Engine/Plugins/Animation/ControlRig/Content/Controls/ControlRig_RoundedSquare_solid.ubulk" 357
"../../../Engine/Plugins/Animation/ControlRig/Content/Controls/ControlRig_RoundedSquare_solid.uasset" 358
"../../../Engine/Plugins/Animation/ControlRig/Content/Controls/ControlRig_RoundedSquare_solid.uexp" 359
"../../../Engine/Plugins/Animation/ControlRig/Content/Controls/ControlRig_RoundedSquare_3mm.ubulk" 360
"../../../Engine/Plugins/Animation/ControlRig/Content/Controls/ControlRig_RoundedSquare_3mm.uasset" 361
"../../../Engine/Plugins/Animation/ControlRig/Content/Controls/ControlRig_RoundedSquare_3mm.uexp" 362
"../../../Engine/Plugins/Animation/ControlRig/Content/Controls/ControlRig_RoundedSquare_1mm.ubulk" 363
"../../../Engine/Plugins/Animation/ControlRig/Content/Controls/ControlRig_RoundedSquare_1mm.uasset" 364
"../../../Engine/Plugins/Animation/ControlRig/Content/Controls/ControlRig_RoundedSquare_1mm.uexp" 365
"../../../Engine/Plugins/Animation/ControlRig/Content/Controls/ControlRig_QuarterCircle_solid.ubulk" 366
"../../../Engine/Plugins/Animation/ControlRig/Content/Controls/ControlRig_QuarterCircle_solid.uasset" 367
"../../../Engine/Plugins/Animation/ControlRig/Content/Controls/ControlRig_QuarterCircle_solid.uexp" 368
"../../../Engine/Plugins/Animation/ControlRig/Content/Controls/ControlRig_QuarterCircle_3mm.ubulk" 369
"../../../Engine/Plugins/Animation/ControlRig/Content/Controls/ControlRig_QuarterCircle_3mm.uasset" 370
"../../../Engine/Plugins/Animation/ControlRig/Content/Controls/ControlRig_QuarterCircle_3mm.uexp" 371
"../../../Engine/Plugins/Animation/ControlRig/Content/Controls/ControlRig_QuarterCircle_1mm.ubulk" 372
"../../../Engine/Plugins/Animation/ControlRig/Content/Controls/ControlRig_QuarterCircle_1mm.uasset" 373
"../../../Engine/Plugins/Animation/ControlRig/Content/Controls/ControlRig_QuarterCircle_1mm.uexp" 374
"../../../Engine/Plugins/Animation/ControlRig/Content/Controls/ControlRig_Pyramid_solid.ubulk" 375
"../../../Engine/Plugins/Animation/ControlRig/Content/Controls/ControlRig_Pyramid_solid.uasset" 376
"../../../Engine/Plugins/Animation/ControlRig/Content/Controls/ControlRig_Pyramid_solid.uexp" 377
"../../../Engine/Plugins/Animation/ControlRig/Content/Controls/ControlRig_Pyramid_3mm.ubulk" 378
"../../../Engine/Plugins/Animation/ControlRig/Content/Controls/ControlRig_Pyramid_3mm.uasset" 379
"../../../Engine/Plugins/Animation/ControlRig/Content/Controls/ControlRig_Pyramid_3mm.uexp" 380
"../../../Engine/Plugins/Animation/ControlRig/Content/Controls/ControlRig_Pyramid_1mm.ubulk" 381
"../../../Engine/Plugins/Animation/ControlRig/Content/Controls/ControlRig_Pyramid_1mm.uasset" 382
"../../../Engine/Plugins/Animation/ControlRig/Content/Controls/ControlRig_Pyramid_1mm.uexp" 383
"../../../Engine/Plugins/Animation/ControlRig/Content/Controls/ControlRig_Octagon_solid.ubulk" 384
"../../../Engine/Plugins/Animation/ControlRig/Content/Controls/ControlRig_Octagon_solid.uasset" 385
"../../../Engine/Plugins/Animation/ControlRig/Content/Controls/ControlRig_Octagon_solid.uexp" 386
"../../../Engine/Plugins/Animation/ControlRig/Content/Controls/ControlRig_Octagon_3mm.ubulk" 387
"../../../Engine/Plugins/Animation/ControlRig/Content/Controls/ControlRig_Octagon_3mm.uasset" 388
"../../../Engine/Plugins/Animation/ControlRig/Content/Controls/ControlRig_Octagon_3mm.uexp" 389
"../../../Engine/Plugins/Animation/ControlRig/Content/Controls/ControlRig_Octagon_1mm.ubulk" 390
"../../../Engine/Plugins/Animation/ControlRig/Content/Controls/ControlRig_Octagon_1mm.uasset" 391
"../../../Engine/Plugins/Animation/ControlRig/Content/Controls/ControlRig_Octagon_1mm.uexp" 392
"../../../Engine/Plugins/Animation/ControlRig/Content/Controls/ControlRig_Hexagon_solid.ubulk" 393
"../../../Engine/Plugins/Animation/ControlRig/Content/Controls/ControlRig_Hexagon_solid.uasset" 394
"../../../Engine/Plugins/Animation/ControlRig/Content/Controls/ControlRig_Hexagon_solid.uexp" 395
"../../../Engine/Plugins/Animation/ControlRig/Content/Controls/ControlRig_Hexagon_3mm.ubulk" 396
"../../../Engine/Plugins/Animation/ControlRig/Content/Controls/ControlRig_Hexagon_3mm.uasset" 397
"../../../Engine/Plugins/Animation/ControlRig/Content/Controls/ControlRig_Hexagon_3mm.uexp" 398
"../../../Engine/Plugins/Animation/ControlRig/Content/Controls/ControlRig_Hexagon_1mm.ubulk" 399
"../../../Engine/Plugins/Animation/ControlRig/Content/Controls/ControlRig_Hexagon_1mm.uasset" 400
"../../../Engine/Plugins/Animation/ControlRig/Content/Controls/ControlRig_Hexagon_1mm.uexp" 401
"../../../Engine/Plugins/Animation/ControlRig/Content/Controls/ControlRig_HalfCircle_solid.ubulk" 402
"../../../Engine/Plugins/Animation/ControlRig/Content/Controls/ControlRig_HalfCircle_solid.uasset" 403
"../../../Engine/Plugins/Animation/ControlRig/Content/Controls/ControlRig_HalfCircle_solid.uexp" 404
"../../../Engine/Plugins/Animation/ControlRig/Content/Controls/ControlRig_HalfCircle_3mm.ubulk" 405
"../../../Engine/Plugins/Animation/ControlRig/Content/Controls/ControlRig_HalfCircle_3mm.uasset" 406
"../../../Engine/Plugins/Animation/ControlRig/Content/Controls/ControlRig_HalfCircle_3mm.uexp" 407
"../../../Engine/Plugins/Animation/ControlRig/Content/Controls/ControlRig_HalfCircle_1mm.ubulk" 408
"../../../Engine/Plugins/Animation/ControlRig/Content/Controls/ControlRig_HalfCircle_1mm.uasset" 409
"../../../Engine/Plugins/Animation/ControlRig/Content/Controls/ControlRig_HalfCircle_1mm.uexp" 410
"../../../Engine/Plugins/Animation/ControlRig/Content/Controls/ControlRig_Diamond_solid.ubulk" 411
"../../../Engine/Plugins/Animation/ControlRig/Content/Controls/ControlRig_Diamond_solid.uasset" 412
"../../../Engine/Plugins/Animation/ControlRig/Content/Controls/ControlRig_Diamond_solid.uexp" 413
"../../../Engine/Plugins/Animation/ControlRig/Content/Controls/ControlRig_Diamond_3mm.ubulk" 414
"../../../Engine/Plugins/Animation/ControlRig/Content/Controls/ControlRig_Diamond_3mm.uasset" 415
"../../../Engine/Plugins/Animation/ControlRig/Content/Controls/ControlRig_Diamond_3mm.uexp" 416
"../../../Engine/Plugins/Animation/ControlRig/Content/Controls/ControlRig_Diamond_1mm.ubulk" 417
"../../../Engine/Plugins/Animation/ControlRig/Content/Controls/ControlRig_Diamond_1mm.uasset" 418
"../../../Engine/Plugins/Animation/ControlRig/Content/Controls/ControlRig_Diamond_1mm.uexp" 419
"../../../Engine/Plugins/Animation/ControlRig/Content/Controls/ControlRig_Circle_solid.ubulk" 420
"../../../Engine/Plugins/Animation/ControlRig/Content/Controls/ControlRig_Circle_solid.uasset" 421
"../../../Engine/Plugins/Animation/ControlRig/Content/Controls/ControlRig_Circle_solid.uexp" 422
"../../../Engine/Plugins/Animation/ControlRig/Content/Controls/ControlRig_Circle_3mm.ubulk" 423
"../../../Engine/Plugins/Animation/ControlRig/Content/Controls/ControlRig_Circle_3mm.uasset" 424
"../../../Engine/Plugins/Animation/ControlRig/Content/Controls/ControlRig_Circle_3mm.uexp" 425
"../../../Engine/Plugins/Animation/ControlRig/Content/Controls/ControlRig_Circle_1mm.ubulk" 426
"../../../Engine/Plugins/Animation/ControlRig/Content/Controls/ControlRig_Circle_1mm.uasset" 427
"../../../Engine/Plugins/Animation/ControlRig/Content/Controls/ControlRig_Circle_1mm.uexp" 428
"../../../Engine/Plugins/Animation/ControlRig/Content/Controls/ControlRig_Box_solid.ubulk" 429
"../../../Engine/Plugins/Animation/ControlRig/Content/Controls/ControlRig_Box_solid.uasset" 430
"../../../Engine/Plugins/Animation/ControlRig/Content/Controls/ControlRig_Box_solid.uexp" 431
"../../../Engine/Plugins/Animation/ControlRig/Content/Controls/ControlRig_Box_3mm.ubulk" 432
"../../../Engine/Plugins/Animation/ControlRig/Content/Controls/ControlRig_Box_3mm.uasset" 433
"../../../Engine/Plugins/Animation/ControlRig/Content/Controls/ControlRig_Box_3mm.uexp" 434
"../../../Engine/Plugins/Animation/ControlRig/Content/Controls/ControlRig_Box_1mm.ubulk" 435
"../../../Engine/Plugins/Animation/ControlRig/Content/Controls/ControlRig_Box_1mm.uasset" 436
"../../../Engine/Plugins/Animation/ControlRig/Content/Controls/ControlRig_Box_1mm.uexp" 437
"../../../Engine/Plugins/Animation/ControlRig/Content/Controls/ControlRig_Arrow_solid.ubulk" 438
"../../../Engine/Plugins/Animation/ControlRig/Content/Controls/ControlRig_Arrow_solid.uasset" 439
"../../../Engine/Plugins/Animation/ControlRig/Content/Controls/ControlRig_Arrow_solid.uexp" 440
"../../../Engine/Plugins/Animation/ControlRig/Content/Controls/ControlRig_Arrow_3mm.ubulk" 441
"../../../Engine/Plugins/Animation/ControlRig/Content/Controls/ControlRig_Arrow_3mm.uasset" 442
"../../../Engine/Plugins/Animation/ControlRig/Content/Controls/ControlRig_Arrow_3mm.uexp" 443
"../../../Engine/Plugins/Animation/ControlRig/Content/Controls/ControlRig_Arrow_1mm.ubulk" 444
"../../../Engine/Plugins/Animation/ControlRig/Content/Controls/ControlRig_Arrow_1mm.uasset" 445
"../../../Engine/Plugins/Animation/ControlRig/Content/Controls/ControlRig_Arrow_1mm.uexp" 446
"../../../Engine/Plugins/Animation/ControlRig/Content/Controls/ControlRig_Arrow4_solid.ubulk" 447
"../../../Engine/Plugins/Animation/ControlRig/Content/Controls/ControlRig_Arrow4_solid.uasset" 448
"../../../Engine/Plugins/Animation/ControlRig/Content/Controls/ControlRig_Arrow4_solid.uexp" 449
"../../../Engine/Plugins/Animation/ControlRig/Content/Controls/ControlRig_Arrow4_3mm.ubulk" 450
"../../../Engine/Plugins/Animation/ControlRig/Content/Controls/ControlRig_Arrow4_3mm.uasset" 451
"../../../Engine/Plugins/Animation/ControlRig/Content/Controls/ControlRig_Arrow4_3mm.uexp" 452
"../../../Engine/Plugins/Animation/ControlRig/Content/Controls/ControlRig_Arrow4_1mm.ubulk" 453
"../../../Engine/Plugins/Animation/ControlRig/Content/Controls/ControlRig_Arrow4_1mm.uasset" 454
"../../../Engine/Plugins/Animation/ControlRig/Content/Controls/ControlRig_Arrow4_1mm.uexp" 455
"../../../Engine/Plugins/Animation/ControlRig/Content/Controls/ControlRig_Arrow2_solid.ubulk" 456
"../../../Engine/Plugins/Animation/ControlRig/Content/Controls/ControlRig_Arrow2_solid.uasset" 457
"../../../Engine/Plugins/Animation/ControlRig/Content/Controls/ControlRig_Arrow2_solid.uexp" 458
"../../../Engine/Plugins/Animation/ControlRig/Content/Controls/ControlRig_Arrow2_3mm.ubulk" 459
"../../../Engine/Plugins/Animation/ControlRig/Content/Controls/ControlRig_Arrow2_3mm.uasset" 460
"../../../Engine/Plugins/Animation/ControlRig/Content/Controls/ControlRig_Arrow2_3mm.uexp" 461
"../../../Engine/Plugins/Animation/ControlRig/Content/Controls/ControlRig_Arrow2_1mm.ubulk" 462
"../../../Engine/Plugins/Animation/ControlRig/Content/Controls/ControlRig_Arrow2_1mm.uasset" 463
"../../../Engine/Plugins/Animation/ControlRig/Content/Controls/ControlRig_Arrow2_1mm.uexp" 464
"../../../Engine/Plugins/Animation/ControlRig/Content/Controls/ControlRigXRayMaterial.uasset" 465
"../../../Engine/Plugins/Animation/ControlRig/Content/Controls/ControlRigXRayMaterial.uexp" 466
"../../../Engine/Plugins/Animation/ControlRig/Content/Controls/ControlRigGizmoMaterial.uasset" 467
"../../../Engine/Plugins/Animation/ControlRig/Content/Controls/ControlRigGizmoMaterial.uexp" 468
"../../../Engine/Content/VREditor/TransformGizmo/StartRotationHandleIndicator.ubulk" 469
"../../../Engine/Content/VREditor/TransformGizmo/StartRotationHandleIndicator.uasset" 470
"../../../Engine/Content/VREditor/TransformGizmo/StartRotationHandleIndicator.uexp" 471
"../../../Engine/Content/VREditor/Sounds/UI/Drop_Item_From_ContentBrowser.ubulk" 472
"../../../Engine/Content/VREditor/Sounds/UI/Drop_Item_From_ContentBrowser.uasset" 473
"../../../Engine/Content/VREditor/Sounds/UI/Drop_Item_From_ContentBrowser.uexp" 474
"../../../Engine/Content/VREditor/TransformGizmo/PlaneTranslationHandle.ubulk" 475
"../../../Engine/Content/VREditor/TransformGizmo/PlaneTranslationHandle.uasset" 476
"../../../Engine/Content/VREditor/TransformGizmo/PlaneTranslationHandle.uexp" 477
"../../../Engine/Content/VREditor/Sounds/UI/Object_Snaps_To_Grid.ubulk" 478
"../../../Engine/Content/VREditor/Sounds/UI/Object_Snaps_To_Grid.uasset" 479
"../../../Engine/Content/VREditor/Sounds/UI/Object_Snaps_To_Grid.uexp" 480
"../../../Engine/Content/VREditor/Sounds/UI/Selection_Changes.ubulk" 481
"../../../Engine/Content/VREditor/Sounds/UI/Selection_Changes.uasset" 482
"../../../Engine/Content/VREditor/Sounds/UI/Selection_Changes.uexp" 483
"../../../Engine/Content/VREditor/Sounds/UI/Object_Snaps_To_Another_Actor.ubulk" 484
"../../../Engine/Content/VREditor/Sounds/UI/Object_Snaps_To_Another_Actor.uasset" 485
"../../../Engine/Content/VREditor/Sounds/UI/Object_Snaps_To_Another_Actor.uexp" 486
"../../../Engine/Content/VREditor/TransformGizmo/TranslucentTransformGizmoMaterial_Inst.uasset" 487
"../../../Engine/Content/VREditor/TransformGizmo/TranslucentTransformGizmoMaterial_Inst.uexp" 488
"../../../Engine/Content/VREditor/TransformGizmo/TransformGizmoFreeRotation.ubulk" 489
"../../../Engine/Content/VREditor/TransformGizmo/TransformGizmoFreeRotation.uasset" 490
"../../../Engine/Content/VREditor/TransformGizmo/TransformGizmoFreeRotation.uexp" 491
"../../../Engine/Content/VREditor/Sounds/UI/Scaling_Down.ubulk" 492
"../../../Engine/Content/VREditor/Sounds/UI/Scaling_Down.uasset" 493
"../../../Engine/Content/VREditor/Sounds/UI/Scaling_Down.uexp" 494
"../../../Engine/Content/Functions/Engine_MaterialFunctions02/Math/Transform3x3Matrix.uasset" 495
"../../../Engine/Content/Functions/Engine_MaterialFunctions02/Math/Transform3x3Matrix.uexp" 496
"../../../Engine/Content/Functions/Engine_MaterialFunctions02/SplitComponents.uasset" 497
"../../../Engine/Content/Functions/Engine_MaterialFunctions02/SplitComponents.uexp" 498
"../../../Engine/Content/Functions/Engine_MaterialFunctions02/Utility/MakeFloat3.uasset" 499
"../../../Engine/Content/Functions/Engine_MaterialFunctions02/Utility/MakeFloat3.uexp" 500
"../../../Engine/Content/VREditor/SnapGrid/SnapGridMaterial.uasset" 501
"../../../Engine/Content/VREditor/SnapGrid/SnapGridMaterial.uexp" 502
"../../../Engine/Content/VREditor/SnapGrid/SnapGridPlaneMesh.ubulk" 503
"../../../Engine/Content/VREditor/SnapGrid/SnapGridPlaneMesh.uasset" 504
"../../../Engine/Content/VREditor/SnapGrid/SnapGridPlaneMesh.uexp" 505
"../../../Engine/Content/VREditor/Sounds/UI/Scaling_Up.ubulk" 506
"../../../Engine/Content/VREditor/Sounds/UI/Scaling_Up.uasset" 507
"../../../Engine/Content/VREditor/Sounds/UI/Scaling_Up.uexp" 508
"../../../Engine/Content/VREditor/TransformGizmo/TransformGizmoMaterial_Inst.uasset" 509
"../../../Engine/Content/VREditor/TransformGizmo/TransformGizmoMaterial_Inst.uexp" 510
"../../../Engine/Content/VREditor/Sounds/UI/Gizmo_Handle_Clicked.ubulk" 511
"../../../Engine/Content/VREditor/Sounds/UI/Gizmo_Handle_Clicked.uasset" 512
"../../../Engine/Content/VREditor/Sounds/UI/Gizmo_Handle_Clicked.uexp" 513
"../../../Engine/Content/VREditor/TransformGizmo/RotationHandleQuarter.ubulk" 514
"../../../Engine/Content/VREditor/TransformGizmo/RotationHandleQuarter.uasset" 515
"../../../Engine/Content/VREditor/TransformGizmo/RotationHandleQuarter.uexp" 516
"../../../Engine/Content/VREditor/TransformGizmo/TranslateArrowHandle.ubulk" 517
"../../../Engine/Content/VREditor/TransformGizmo/TranslateArrowHandle.uasset" 518
"../../../Engine/Content/VREditor/TransformGizmo/TranslateArrowHandle.uexp" 519
"../../../Engine/Content/VREditor/TransformGizmo/RotationHandleIndicator.ubulk" 520
"../../../Engine/Content/VREditor/TransformGizmo/RotationHandleIndicator.uasset" 521
"../../../Engine/Content/VREditor/TransformGizmo/RotationHandleIndicator.uexp" 522
"../../../Engine/Content/VREditor/TransformGizmo/UniformScaleHandle.ubulk" 523
"../../../Engine/Content/VREditor/TransformGizmo/UniformScaleHandle.uasset" 524
"../../../Engine/Content/VREditor/TransformGizmo/UniformScaleHandle.uexp" 525
"../../../Engine/Content/VREditor/TransformGizmo/RotationHandleFull.ubulk" 526
"../../../Engine/Content/VREditor/TransformGizmo/RotationHandleFull.uasset" 527
"../../../Engine/Content/VREditor/TransformGizmo/RotationHandleFull.uexp" 528
"../../../Engine/Content/VREditor/Sounds/UI/Object_PickUp.ubulk" 529
"../../../Engine/Content/VREditor/Sounds/UI/Object_PickUp.uasset" 530
"../../../Engine/Content/VREditor/Sounds/UI/Object_PickUp.uexp" 531
"../../../Engine/Content/EngineSounds/Master.uasset" 532
"../../../Engine/Content/EngineSounds/Master.uexp" 533
"../../../Engine/Content/EngineResources/WhiteSquareTexture.uasset" 534
"../../../Engine/Content/EngineResources/WhiteSquareTexture.uexp" 535
"../../../Engine/Content/EngineMaterials/Widget3DPassThrough.uasset" 536
"../../../Engine/Content/EngineMaterials/Widget3DPassThrough.uexp" 537
"../../../Engine/Content/EngineMaterials/Widget3DPassThrough_Translucent.uasset" 538
"../../../Engine/Content/EngineMaterials/Widget3DPassThrough_Translucent.uexp" 539
"../../../Engine/Content/EngineMaterials/Widget3DPassThrough_Translucent_OneSided.uasset" 540
"../../../Engine/Content/EngineMaterials/Widget3DPassThrough_Translucent_OneSided.uexp" 541
"../../../Engine/Content/EngineMaterials/Widget3DPassThrough_Opaque.uasset" 542
"../../../Engine/Content/EngineMaterials/Widget3DPassThrough_Opaque.uexp" 543
"../../../Engine/Content/EngineMaterials/Widget3DPassThrough_Opaque_OneSided.uasset" 544
"../../../Engine/Content/EngineMaterials/Widget3DPassThrough_Opaque_OneSided.uexp" 545
"../../../Engine/Content/EngineMaterials/Widget3DPassThrough_Masked_OneSided.uasset" 546
"../../../Engine/Content/EngineMaterials/Widget3DPassThrough_Masked_OneSided.uexp" 547
"../../../Engine/Content/EngineMaterials/Widget3DPassThrough_Masked.uasset" 548
"../../../Engine/Content/EngineMaterials/Widget3DPassThrough_Masked.uexp" 549
"../../../Engine/Content/EngineMaterials/STBlueNoise_vec2_128x128x64.uasset" 550
"../../../Engine/Content/EngineMaterials/STBlueNoise_vec2_128x128x64.uexp" 551
"../../../Engine/Content/EngineMaterials/STBlueNoise_scalar_128x128x64.uasset" 552
"../../../Engine/Content/EngineMaterials/STBlueNoise_scalar_128x128x64.uexp" 553
"../../../Engine/Content/EngineMaterials/RemoveSurfaceMaterial.uasset" 554
"../../../Engine/Content/EngineMaterials/RemoveSurfaceMaterial.uexp" 555
"../../../Engine/Content/EngineMaterials/DefaultCalibrationGrayscale.uasset" 556
"../../../Engine/Content/EngineMaterials/DefaultCalibrationGrayscale.uexp" 557
"../../../Engine/Content/EngineMaterials/PPM_DefaultCalibrationGrayscale.uasset" 558
"../../../Engine/Content/EngineMaterials/PPM_DefaultCalibrationGrayscale.uexp" 559
"../../../Engine/Content/EngineMaterials/DefaultCalibrationColor.uasset" 560
"../../../Engine/Content/EngineMaterials/DefaultCalibrationColor.uexp" 561
"../../../Engine/Content/EngineMaterials/PPM_DefaultCalibrationColor.uasset" 562
"../../../Engine/Content/EngineMaterials/PPM_DefaultCalibrationColor.uexp" 563
"../../../Engine/Content/EngineMaterials/PhAT_JointLimitMaterial.uasset" 564
"../../../Engine/Content/EngineMaterials/PhAT_JointLimitMaterial.uexp" 565
"../../../Engine/Content/EngineMaterials/NaniteHiddenSectionMaterial.uasset" 566
"../../../Engine/Content/EngineMaterials/NaniteHiddenSectionMaterial.uexp" 567
"../../../Engine/Content/EngineMaterials/InvalidLightmapSettings.ubulk" 568
"../../../Engine/Content/EngineMaterials/InvalidLightmapSettings.uasset" 569
"../../../Engine/Content/EngineMaterials/InvalidLightmapSettings.uexp" 570
"../../../Engine/Content/EngineMaterials/M_InvalidLightmapSettings.uasset" 571
"../../../Engine/Content/EngineMaterials/M_InvalidLightmapSettings.uexp" 572
"../../../Engine/Content/EngineMaterials/GizmoMaterial.uasset" 573
"../../../Engine/Content/EngineMaterials/GizmoMaterial.uexp" 574
"../../../Engine/Content/EngineMaterials/BaseFlattenEmissiveMap_VT.uasset" 575
"../../../Engine/Content/EngineMaterials/BaseFlattenEmissiveMap_VT.uexp" 576
"../../../Engine/Content/EngineMaterials/BaseFlattenGrayscaleMap_VT.uasset" 577
"../../../Engine/Content/EngineMaterials/BaseFlattenGrayscaleMap_VT.uexp" 578
"../../../Engine/Content/EngineMaterials/BaseFlattenLinearColor_VT.uasset" 579
"../../../Engine/Content/EngineMaterials/BaseFlattenLinearColor_VT.uexp" 580
"../../../Engine/Content/EngineMaterials/Black_1x1_EXR_Texture_VT.uasset" 581
"../../../Engine/Content/EngineMaterials/Black_1x1_EXR_Texture_VT.uexp" 582
"../../../Engine/Content/EngineMaterials/BaseFlattenDiffuseMap_VT.uasset" 583
"../../../Engine/Content/EngineMaterials/BaseFlattenDiffuseMap_VT.uexp" 584
"../../../Engine/Content/EngineMaterials/BaseFlattenNormalMap_VT.uasset" 585
"../../../Engine/Content/EngineMaterials/BaseFlattenNormalMap_VT.uexp" 586
"../../../Engine/Content/EngineMaterials/FlattenMaterial_VT.uasset" 587
"../../../Engine/Content/EngineMaterials/FlattenMaterial_VT.uexp" 588
"../../../Engine/Content/EngineMaterials/BaseFlattenNormalMap.uasset" 589
"../../../Engine/Content/EngineMaterials/BaseFlattenNormalMap.uexp" 590
"../../../Engine/Content/EngineMaterials/BaseFlattenGrayscaleMap.uasset" 591
"../../../Engine/Content/EngineMaterials/BaseFlattenGrayscaleMap.uexp" 592
"../../../Engine/Content/EngineMaterials/BaseFlattenDiffuseMap.uasset" 593
"../../../Engine/Content/EngineMaterials/BaseFlattenDiffuseMap.uexp" 594
"../../../Engine/Content/Functions/Engine_MaterialFunctions02/PivotPainter2/Black_1x1_EXR_Texture.uasset" 595
"../../../Engine/Content/Functions/Engine_MaterialFunctions02/PivotPainter2/Black_1x1_EXR_Texture.uexp" 596
"../../../Engine/Content/EngineMaterials/BaseFlattenEmissiveMap.uasset" 597
"../../../Engine/Content/EngineMaterials/BaseFlattenEmissiveMap.uexp" 598
"../../../Engine/Content/EngineMaterials/BaseFlattenLinearColor.uasset" 599
"../../../Engine/Content/EngineMaterials/BaseFlattenLinearColor.uexp" 600
"../../../Engine/Content/EngineMaterials/FlattenMaterial.uasset" 601
"../../../Engine/Content/EngineMaterials/FlattenMaterial.uexp" 602
"../../../Engine/Content/EngineMaterials/DefaultWhiteGrid_Low.uasset" 603
"../../../Engine/Content/EngineMaterials/DefaultWhiteGrid_Low.uexp" 604
"../../../Engine/Content/EngineMaterials/EmissiveMeshMaterial.uasset" 605
"../../../Engine/Content/EngineMaterials/EmissiveMeshMaterial.uexp" 606
"../../../Engine/Content/EngineFonts/RobotoDistanceField.uasset" 607
"../../../Engine/Content/EngineFonts/RobotoDistanceField.uexp" 608
"../../../Engine/Content/EngineMaterials/DefaultTextMaterialOpaque.uasset" 609
"../../../Engine/Content/EngineMaterials/DefaultTextMaterialOpaque.uexp" 610
"../../../Engine/Content/EngineMaterials/DefaultDiffuse.ubulk" 611
"../../../Engine/Content/EngineMaterials/DefaultDiffuse.uasset" 612
"../../../Engine/Content/EngineMaterials/DefaultDiffuse.uexp" 613
"../../../Engine/Content/Functions/Engine_MaterialFunctions02/Utility/BreakOutFloat2Components.uasset" 614
"../../../Engine/Content/Functions/Engine_MaterialFunctions02/Utility/BreakOutFloat2Components.uexp" 615
"../../../Engine/Content/EngineMaterials/DefaultPostProcessMaterial.uasset" 616
"../../../Engine/Content/EngineMaterials/DefaultPostProcessMaterial.uexp" 617
"../../../Engine/Content/EngineMaterials/DefaultLightFunctionMaterial.uasset" 618
"../../../Engine/Content/EngineMaterials/DefaultLightFunctionMaterial.uexp" 619
"../../../Engine/Content/EngineMaterials/DefaultDestructiblePhysicalMaterial.uasset" 620
"../../../Engine/Content/EngineMaterials/DefaultDestructiblePhysicalMaterial.uexp" 621
"../../../Engine/Content/EngineMaterials/DefaultDeferredDecalMaterial.uasset" 622
"../../../Engine/Content/EngineMaterials/DefaultDeferredDecalMaterial.uexp" 623
"../../../Engine/Content/EngineMaterials/DefaultBloomKernel.uasset" 624
"../../../Engine/Content/EngineMaterials/DefaultBloomKernel.uexp" 625
"../../../Engine/Content/EngineFonts/Faces/RobotoLight.uexp" 626
"../../../Engine/Content/EngineFonts/Faces/RobotoLight.uasset" 627
"../../../Engine/Content/EngineFonts/Faces/RobotoLight.ufont" 628
"../../../Engine/Content/EngineFonts/Faces/RobotoBold.uexp" 629
"../../../Engine/Content/EngineFonts/Faces/RobotoBold.uasset" 630
"../../../Engine/Content/EngineFonts/Faces/RobotoBold.ufont" 631
"../../../Engine/Content/EngineFonts/Faces/RobotoRegular.uexp" 632
"../../../Engine/Content/EngineFonts/Faces/RobotoRegular.uasset" 633
"../../../Engine/Content/EngineFonts/Faces/RobotoRegular.ufont" 634
"../../../Engine/Content/EngineFonts/Faces/DroidSansFallback.uexp" 635
"../../../Engine/Content/EngineFonts/Faces/DroidSansFallback.uasset" 636
"../../../Engine/Content/EngineFonts/Faces/DroidSansFallback.ufont" 637
"../../../Engine/Content/EngineFonts/Faces/RobotoItalic.uexp" 638
"../../../Engine/Content/EngineFonts/Faces/RobotoItalic.uasset" 639
"../../../Engine/Content/EngineFonts/Faces/RobotoItalic.ufont" 640
"../../../Engine/Content/EngineFonts/Faces/RobotoBoldItalic.uexp" 641
"../../../Engine/Content/EngineFonts/Faces/RobotoBoldItalic.uasset" 642
"../../../Engine/Content/EngineFonts/Faces/RobotoBoldItalic.ufont" 643
"../../../Engine/Content/EngineFonts/Roboto.uasset" 644
"../../../Engine/Content/EngineFonts/Roboto.uexp" 645
"../../../Engine/Content/EngineDebugMaterials/VolumeToRender.uasset" 646
"../../../Engine/Content/EngineDebugMaterials/VolumeToRender.uexp" 647
"../../../Engine/Content/EngineDebugMaterials/M_VolumeRenderSphereTracePP.uasset" 648
"../../../Engine/Content/EngineDebugMaterials/M_VolumeRenderSphereTracePP.uexp" 649
"../../../Engine/Content/EngineDebugMaterials/M_SimpleUnlitTranslucent.uasset" 650
"../../../Engine/Content/EngineDebugMaterials/M_SimpleUnlitTranslucent.uexp" 651
"../../../Engine/Content/EngineDebugMaterials/DebugMeshMaterial.uasset" 652
"../../../Engine/Content/EngineDebugMaterials/DebugMeshMaterial.uexp" 653
"../../../Engine/Content/EngineDebugMaterials/DebugEditorMaterial.uasset" 654
"../../../Engine/Content/EngineDebugMaterials/DebugEditorMaterial.uexp" 655
"../../../Engine/Content/EngineDamageTypes/DmgTypeBP_Environmental.uasset" 656
"../../../Engine/Content/EngineDamageTypes/DmgTypeBP_Environmental.uexp" 657
"../../../Engine/Content/EditorResources/S_Terrain.ubulk" 658
"../../../Engine/Content/EditorResources/S_Terrain.uasset" 659
"../../../Engine/Content/EditorResources/S_Terrain.uexp" 660
"../../../Engine/Content/EditorResources/EmptyActor.uasset" 661
"../../../Engine/Content/EditorResources/EmptyActor.uexp" 662
"../../../Engine/Content/EditorResources/BSPVertex.uasset" 663
"../../../Engine/Content/EditorResources/BSPVertex.uexp" 664
"../../../Engine/Content/EditorMaterials/PreviewShadowIndicator.ubulk" 665
"../../../Engine/Content/EditorMaterials/PreviewShadowIndicator.uasset" 666
"../../../Engine/Content/EditorMaterials/PreviewShadowIndicator.uexp" 667
"../../../Engine/Content/EditorMaterials/PreviewShadowIndicatorMaterial.uasset" 668
"../../../Engine/Content/EditorMaterials/PreviewShadowIndicatorMaterial.uexp" 669
"../../../Engine/Content/EditorMaterials/PhAT_UnselectedMaterial.uasset" 670
"../../../Engine/Content/EditorMaterials/PhAT_UnselectedMaterial.uexp" 671
"../../../Engine/Content/EditorMaterials/PhAT_NoCollisionMaterial.uasset" 672
"../../../Engine/Content/EditorMaterials/PhAT_NoCollisionMaterial.uexp" 673
"../../../Engine/Content/EditorLandscapeResources/DefaultAlphaTexture.uasset" 674
"../../../Engine/Content/EditorLandscapeResources/DefaultAlphaTexture.uexp" 675
"../../../Engine/Content/EditorLandscapeResources/DataLayer.uasset" 676
"../../../Engine/Content/EditorLandscapeResources/DataLayer.uexp" 677
"../../../Engine/Content/BasicShapes/Cone.ubulk" 678
"../../../Engine/Content/BasicShapes/Cone.uasset" 679
"../../../Engine/Content/BasicShapes/Cone.uexp" 680
"../../../Engine/Content/Animation/DefaultVariableFrameStrippingSettings.uasset" 681
"../../../Engine/Content/Animation/DefaultVariableFrameStrippingSettings.uexp" 682
"../../../Engine/Content/Animation/DefaultRecorderBoneCompression.uasset" 683
"../../../Engine/Content/Animation/DefaultRecorderBoneCompression.uexp" 684
"../../../Engine/Content/MobileResources/HUD/VirtualJoystick_Background.uasset" 685
"../../../Engine/Content/MobileResources/HUD/VirtualJoystick_Background.uexp" 686
"../../../Engine/Content/MobileResources/HUD/VirtualJoystick_Thumb.uasset" 687
"../../../Engine/Content/MobileResources/HUD/VirtualJoystick_Thumb.uexp" 688
"../../../Engine/Content/MobileResources/HUD/DefaultVirtualJoysticks.uasset" 689
"../../../Engine/Content/MobileResources/HUD/DefaultVirtualJoysticks.uexp" 690
"../../../Engine/Content/EngineSky/VolumetricClouds/CloudWeatherTexture.uasset" 691
"../../../Engine/Content/EngineSky/VolumetricClouds/CloudWeatherTexture.uexp" 692
"../../../Engine/Content/Functions/Engine_MaterialFunctions02/Utility/MakeFloat2.uasset" 693
"../../../Engine/Content/Functions/Engine_MaterialFunctions02/Utility/MakeFloat2.uexp" 694
"../../../Engine/Content/EngineSky/VolumetricClouds/CloudGradientTexture.uasset" 695
"../../../Engine/Content/EngineSky/VolumetricClouds/CloudGradientTexture.uexp" 696
"../../../Engine/Content/EngineSky/VolumetricClouds/T_NoiseShape64.ubulk" 697
"../../../Engine/Content/EngineSky/VolumetricClouds/T_NoiseShape64.uasset" 698
"../../../Engine/Content/EngineSky/VolumetricClouds/T_NoiseShape64.uexp" 699
"../../../Engine/Content/EngineSky/VolumetricClouds/T_VolumeNoiseShape64.uasset" 700
"../../../Engine/Content/EngineSky/VolumetricClouds/T_VolumeNoiseShape64.uexp" 701
"../../../Engine/Content/EngineSky/VolumetricClouds/T_NoiseErosion.ubulk" 702
"../../../Engine/Content/EngineSky/VolumetricClouds/T_NoiseErosion.uasset" 703
"../../../Engine/Content/EngineSky/VolumetricClouds/T_NoiseErosion.uexp" 704
"../../../Engine/Content/EngineSky/VolumetricClouds/T_VolumeNoiseErosion32.uasset" 705
"../../../Engine/Content/EngineSky/VolumetricClouds/T_VolumeNoiseErosion32.uexp" 706
"../../../Engine/Content/EngineSky/VolumetricClouds/m_SimpleVolumetricCloud.uasset" 707
"../../../Engine/Content/EngineSky/VolumetricClouds/m_SimpleVolumetricCloud.uexp" 708
"../../../Engine/Content/EngineSky/VolumetricClouds/m_SimpleVolumetricCloud_Inst.uasset" 709
"../../../Engine/Content/EngineSky/VolumetricClouds/m_SimpleVolumetricCloud_Inst.uexp" 710
"../../../Engine/Content/EngineResources/FilmGrains/Marcie_Grain_v3_128_M2_000.uasset" 711
"../../../Engine/Content/EngineResources/FilmGrains/Marcie_Grain_v3_128_M2_000.uexp" 712
"../../../Engine/Content/EditorResources/SequenceRecorder/RecordingIndicator.uasset" 713
"../../../Engine/Content/EditorResources/SequenceRecorder/RecordingIndicator.uexp" 714
"../../../Engine/Content/EditorResources/SequenceRecorder/Countdown.uasset" 715
"../../../Engine/Content/EditorResources/SequenceRecorder/Countdown.uexp" 716
"../../../Engine/Content/EditorMaterials/Dataflow/DataflowVertexMaterial.uasset" 717
"../../../Engine/Content/EditorMaterials/Dataflow/DataflowVertexMaterial.uexp" 718
"C:/Users/rhigginso/Desktop/Class Folders/4) Senior - Fall/Unreal/MidTerm_Scripting/Content/Inputs/InputsPlayer/P1_Shoot.uasset" 719
"C:/Users/rhigginso/Desktop/Class Folders/4) Senior - Fall/Unreal/MidTerm_Scripting/Content/Inputs/InputsPlayer/P1_Shoot.uexp" 720
"C:/Users/rhigginso/Desktop/Class Folders/4) Senior - Fall/Unreal/MidTerm_Scripting/Content/Inputs/InputsPlayer/P1_RotateCounterClockwise.uasset" 721
"C:/Users/rhigginso/Desktop/Class Folders/4) Senior - Fall/Unreal/MidTerm_Scripting/Content/Inputs/InputsPlayer/P1_RotateCounterClockwise.uexp" 722
"C:/Users/rhigginso/Desktop/Class Folders/4) Senior - Fall/Unreal/MidTerm_Scripting/Content/Inputs/InputsPlayer/P1_RotateClockwise.uasset" 723
"C:/Users/rhigginso/Desktop/Class Folders/4) Senior - Fall/Unreal/MidTerm_Scripting/Content/Inputs/InputsPlayer/P1_RotateClockwise.uexp" 724
"C:/Users/rhigginso/Desktop/Class Folders/4) Senior - Fall/Unreal/MidTerm_Scripting/Content/Inputs/InputsPlayer/P1_Forward.uasset" 725
"C:/Users/rhigginso/Desktop/Class Folders/4) Senior - Fall/Unreal/MidTerm_Scripting/Content/Inputs/InputsPlayer/P1_Forward.uexp" 726
"C:/Users/rhigginso/Desktop/Class Folders/4) Senior - Fall/Unreal/MidTerm_Scripting/Content/Inputs/InputsPlayer/P1_Backward.uasset" 727
"C:/Users/rhigginso/Desktop/Class Folders/4) Senior - Fall/Unreal/MidTerm_Scripting/Content/Inputs/InputsPlayer/P1_Backward.uexp" 728
"../../../Engine/Plugins/Interchange/Runtime/Content/gltf/MaterialFunctions/MF_RotateV2.uasset" 729
"../../../Engine/Plugins/Interchange/Runtime/Content/gltf/MaterialFunctions/MF_RotateV2.uexp" 730
"../../../Engine/Plugins/Interchange/Runtime/Content/gltf/MaterialFunctions/MF_TransformUVs.uasset" 731
"../../../Engine/Plugins/Interchange/Runtime/Content/gltf/MaterialFunctions/MF_TransformUVs.uexp" 732
"../../../Engine/Plugins/Interchange/Runtime/Content/gltf/Textures/T_White_srgb.uasset" 733
"../../../Engine/Plugins/Interchange/Runtime/Content/gltf/Textures/T_White_srgb.uexp" 734
"../../../Engine/Plugins/Interchange/Runtime/Content/gltf/MaterialFunctions/MF_BaseColor.uasset" 735
"../../../Engine/Plugins/Interchange/Runtime/Content/gltf/MaterialFunctions/MF_BaseColor.uexp" 736
"../../../Engine/Plugins/Interchange/Runtime/Content/gltf/MaterialBodies/MF_Unlit_Body.uasset" 737
"../../../Engine/Plugins/Interchange/Runtime/Content/gltf/MaterialBodies/MF_Unlit_Body.uexp" 738
"../../../Engine/Plugins/Interchange/Runtime/Content/gltf/M_Unlit.uasset" 739
"../../../Engine/Plugins/Interchange/Runtime/Content/gltf/M_Unlit.uexp" 740
"../../../Engine/Plugins/Interchange/Runtime/Content/gltf/MaterialInstances/MI_Unlit_Opaque_DS.uasset" 741
"../../../Engine/Plugins/Interchange/Runtime/Content/gltf/MaterialInstances/MI_Unlit_Opaque_DS.uexp" 742
"../../../Engine/Plugins/Interchange/Runtime/Content/gltf/MaterialInstances/MI_Unlit_Opaque.uasset" 743
"../../../Engine/Plugins/Interchange/Runtime/Content/gltf/MaterialInstances/MI_Unlit_Opaque.uexp" 744
"../../../Engine/Plugins/Interchange/Runtime/Content/gltf/MaterialInstances/MI_Unlit_Mask_DS.uasset" 745
"../../../Engine/Plugins/Interchange/Runtime/Content/gltf/MaterialInstances/MI_Unlit_Mask_DS.uexp" 746
"../../../Engine/Plugins/Interchange/Runtime/Content/gltf/MaterialInstances/MI_Unlit_Mask.uasset" 747
"../../../Engine/Plugins/Interchange/Runtime/Content/gltf/MaterialInstances/MI_Unlit_Mask.uexp" 748
"../../../Engine/Plugins/Interchange/Runtime/Content/gltf/MaterialInstances/MI_Unlit_Blend_DS.uasset" 749
"../../../Engine/Plugins/Interchange/Runtime/Content/gltf/MaterialInstances/MI_Unlit_Blend_DS.uexp" 750
"../../../Engine/Plugins/Interchange/Runtime/Content/gltf/MaterialInstances/MI_Unlit_Blend.uasset" 751
"../../../Engine/Plugins/Interchange/Runtime/Content/gltf/MaterialInstances/MI_Unlit_Blend.uexp" 752
"../../../Engine/Plugins/Interchange/Runtime/Content/gltf/MaterialFunctions/MF_Iridescence.uasset" 753
"../../../Engine/Plugins/Interchange/Runtime/Content/gltf/MaterialFunctions/MF_Iridescence.uexp" 754
"../../../Engine/Plugins/Interchange/Runtime/Content/gltf/Textures/T_White_Linear.uasset" 755
"../../../Engine/Plugins/Interchange/Runtime/Content/gltf/Textures/T_White_Linear.uexp" 756
"../../../Engine/Plugins/Interchange/Runtime/Content/gltf/MaterialFunctions/MF_MetallicRoughness.uasset" 757
"../../../Engine/Plugins/Interchange/Runtime/Content/gltf/MaterialFunctions/MF_MetallicRoughness.uexp" 758
"../../../Engine/Plugins/Interchange/Runtime/Content/gltf/MaterialFunctions/MF_Transmission.uasset" 759
"../../../Engine/Plugins/Interchange/Runtime/Content/gltf/MaterialFunctions/MF_Transmission.uexp" 760
"../../../Engine/Plugins/Interchange/Runtime/Content/gltf/MaterialFunctions/MF_Occlusion.uasset" 761
"../../../Engine/Plugins/Interchange/Runtime/Content/gltf/MaterialFunctions/MF_Occlusion.uexp" 762
"../../../Engine/Plugins/Interchange/Runtime/Content/gltf/MaterialFunctions/MF_Specular.uasset" 763
"../../../Engine/Plugins/Interchange/Runtime/Content/gltf/MaterialFunctions/MF_Specular.uexp" 764
"../../../Engine/Plugins/Interchange/Runtime/Content/gltf/MaterialFunctions/MF_IOR.uasset" 765
"../../../Engine/Plugins/Interchange/Runtime/Content/gltf/MaterialFunctions/MF_IOR.uexp" 766
"../../../Engine/Plugins/Interchange/Runtime/Content/gltf/MaterialFunctions/MF_RotateNormals_TS.uasset" 767
"../../../Engine/Plugins/Interchange/Runtime/Content/gltf/MaterialFunctions/MF_RotateNormals_TS.uexp" 768
"../../../Engine/Plugins/Interchange/Runtime/Content/gltf/Textures/T_Generic_N.uasset" 769
"../../../Engine/Plugins/Interchange/Runtime/Content/gltf/Textures/T_Generic_N.uexp" 770
"../../../Engine/Plugins/Interchange/Runtime/Content/gltf/MaterialFunctions/MF_Normals.uasset" 771
"../../../Engine/Plugins/Interchange/Runtime/Content/gltf/MaterialFunctions/MF_Normals.uexp" 772
"../../../Engine/Plugins/Interchange/Runtime/Content/gltf/MaterialBodies/MF_Transmission_Body.uasset" 773
"../../../Engine/Plugins/Interchange/Runtime/Content/gltf/MaterialBodies/MF_Transmission_Body.uexp" 774
"../../../Engine/Plugins/Interchange/Runtime/Content/gltf/M_Transmission.uasset" 775
"../../../Engine/Plugins/Interchange/Runtime/Content/gltf/M_Transmission.uexp" 776
"../../../Engine/Plugins/Interchange/Runtime/Content/gltf/MaterialInstances/MI_Transmission_DS.uasset" 777
"../../../Engine/Plugins/Interchange/Runtime/Content/gltf/MaterialInstances/MI_Transmission_DS.uexp" 778
"../../../Engine/Plugins/Interchange/Runtime/Content/gltf/MaterialInstances/MI_Transmission.uasset" 779
"../../../Engine/Plugins/Interchange/Runtime/Content/gltf/MaterialInstances/MI_Transmission.uexp" 780
"../../../Engine/Plugins/Interchange/Runtime/Content/gltf/MaterialFunctions/MF_DiffuseSpecGloss.uasset" 781
"../../../Engine/Plugins/Interchange/Runtime/Content/gltf/MaterialFunctions/MF_DiffuseSpecGloss.uexp" 782
"../../../Engine/Content/Functions/Engine_MaterialFunctions02/Math/AddComponents.uasset" 783
"../../../Engine/Content/Functions/Engine_MaterialFunctions02/Math/AddComponents.uexp" 784
"../../../Engine/Plugins/Interchange/Runtime/Content/gltf/MaterialFunctions/MF_PerceivedBrightness.uasset" 785
"../../../Engine/Plugins/Interchange/Runtime/Content/gltf/MaterialFunctions/MF_PerceivedBrightness.uexp" 786
"../../../Engine/Plugins/Interchange/Runtime/Content/gltf/MaterialFunctions/MF_Emissive.uasset" 787
"../../../Engine/Plugins/Interchange/Runtime/Content/gltf/MaterialFunctions/MF_Emissive.uexp" 788
"../../../Engine/Plugins/Interchange/Runtime/Content/gltf/MaterialFunctions/MF_SpecGlossToMetalRoughness.uasset" 789
"../../../Engine/Plugins/Interchange/Runtime/Content/gltf/MaterialFunctions/MF_SpecGlossToMetalRoughness.uexp" 790
"../../../Engine/Plugins/Interchange/Runtime/Content/gltf/MaterialBodies/MF_SpecularGlossiness_Body.uasset" 791
"../../../Engine/Plugins/Interchange/Runtime/Content/gltf/MaterialBodies/MF_SpecularGlossiness_Body.uexp" 792
"../../../Engine/Plugins/Interchange/Runtime/Content/gltf/M_SpecularGlossiness.uasset" 793
"../../../Engine/Plugins/Interchange/Runtime/Content/gltf/M_SpecularGlossiness.uexp" 794
"../../../Engine/Plugins/Interchange/Runtime/Content/gltf/MaterialInstances/MI_SpecularGlossiness_Opaque_DS.uasset" 795
"../../../Engine/Plugins/Interchange/Runtime/Content/gltf/MaterialInstances/MI_SpecularGlossiness_Opaque_DS.uexp" 796
"../../../Engine/Plugins/Interchange/Runtime/Content/gltf/MaterialInstances/MI_SpecularGlossiness_Opaque.uasset" 797
"../../../Engine/Plugins/Interchange/Runtime/Content/gltf/MaterialInstances/MI_SpecularGlossiness_Opaque.uexp" 798
"../../../Engine/Plugins/Interchange/Runtime/Content/gltf/MaterialInstances/MI_SpecularGlossiness_Mask_DS.uasset" 799
"../../../Engine/Plugins/Interchange/Runtime/Content/gltf/MaterialInstances/MI_SpecularGlossiness_Mask_DS.uexp" 800
"../../../Engine/Plugins/Interchange/Runtime/Content/gltf/MaterialInstances/MI_SpecularGlossiness_Mask.uasset" 801
"../../../Engine/Plugins/Interchange/Runtime/Content/gltf/MaterialInstances/MI_SpecularGlossiness_Mask.uexp" 802
"../../../Engine/Plugins/Interchange/Runtime/Content/gltf/MaterialInstances/MI_SpecularGlossiness_Blend_DS.uasset" 803
"../../../Engine/Plugins/Interchange/Runtime/Content/gltf/MaterialInstances/MI_SpecularGlossiness_Blend_DS.uexp" 804
"../../../Engine/Plugins/Interchange/Runtime/Content/gltf/MaterialInstances/MI_SpecularGlossiness_Blend.uasset" 805
"../../../Engine/Plugins/Interchange/Runtime/Content/gltf/MaterialInstances/MI_SpecularGlossiness_Blend.uexp" 806
"../../../Engine/Plugins/Interchange/Runtime/Content/gltf/MaterialFunctions/MF_Sheen.uasset" 807
"../../../Engine/Plugins/Interchange/Runtime/Content/gltf/MaterialFunctions/MF_Sheen.uexp" 808
"../../../Engine/Plugins/Interchange/Runtime/Content/gltf/MaterialBodies/MF_Sheen_Body.uasset" 809
"../../../Engine/Plugins/Interchange/Runtime/Content/gltf/MaterialBodies/MF_Sheen_Body.uexp" 810
"../../../Engine/Plugins/Interchange/Runtime/Content/gltf/M_Sheen.uasset" 811
"../../../Engine/Plugins/Interchange/Runtime/Content/gltf/M_Sheen.uexp" 812
"../../../Engine/Plugins/Interchange/Runtime/Content/gltf/MaterialInstances/MI_Sheen_Opaque_DS.uasset" 813
"../../../Engine/Plugins/Interchange/Runtime/Content/gltf/MaterialInstances/MI_Sheen_Opaque_DS.uexp" 814
"../../../Engine/Plugins/Interchange/Runtime/Content/gltf/MaterialInstances/MI_Sheen_Opaque.uasset" 815
"../../../Engine/Plugins/Interchange/Runtime/Content/gltf/MaterialInstances/MI_Sheen_Opaque.uexp" 816
"../../../Engine/Plugins/Interchange/Runtime/Content/gltf/MaterialInstances/MI_Sheen_Mask_DS.uasset" 817
"../../../Engine/Plugins/Interchange/Runtime/Content/gltf/MaterialInstances/MI_Sheen_Mask_DS.uexp" 818
"../../../Engine/Plugins/Interchange/Runtime/Content/gltf/MaterialInstances/MI_Sheen_Mask.uasset" 819
"../../../Engine/Plugins/Interchange/Runtime/Content/gltf/MaterialInstances/MI_Sheen_Mask.uexp" 820
"../../../Engine/Plugins/Interchange/Runtime/Content/gltf/MaterialInstances/MI_Sheen_Blend_DS.uasset" 821
"../../../Engine/Plugins/Interchange/Runtime/Content/gltf/MaterialInstances/MI_Sheen_Blend_DS.uexp" 822
"../../../Engine/Plugins/Interchange/Runtime/Content/gltf/MaterialInstances/MI_Sheen_Blend.uasset" 823
"../../../Engine/Plugins/Interchange/Runtime/Content/gltf/MaterialInstances/MI_Sheen_Blend.uexp" 824
"../../../Engine/Plugins/Interchange/Runtime/Content/gltf/MaterialBodies/MF_Default_Body.uasset" 825
"../../../Engine/Plugins/Interchange/Runtime/Content/gltf/MaterialBodies/MF_Default_Body.uexp" 826
"../../../Engine/Plugins/Interchange/Runtime/Content/gltf/M_Default.uasset" 827
"../../../Engine/Plugins/Interchange/Runtime/Content/gltf/M_Default.uexp" 828
"../../../Engine/Plugins/Interchange/Runtime/Content/gltf/MaterialInstances/MI_Default_Opaque_DS.uasset" 829
"../../../Engine/Plugins/Interchange/Runtime/Content/gltf/MaterialInstances/MI_Default_Opaque_DS.uexp" 830
"../../../Engine/Plugins/Interchange/Runtime/Content/gltf/MaterialInstances/MI_Default_Opaque.uasset" 831
"../../../Engine/Plugins/Interchange/Runtime/Content/gltf/MaterialInstances/MI_Default_Opaque.uexp" 832
"../../../Engine/Plugins/Interchange/Runtime/Content/gltf/MaterialInstances/MI_Default_Mask_DS.uasset" 833
"../../../Engine/Plugins/Interchange/Runtime/Content/gltf/MaterialInstances/MI_Default_Mask_DS.uexp" 834
"../../../Engine/Plugins/Interchange/Runtime/Content/gltf/MaterialInstances/MI_Default_Mask.uasset" 835
"../../../Engine/Plugins/Interchange/Runtime/Content/gltf/MaterialInstances/MI_Default_Mask.uexp" 836
"../../../Engine/Plugins/Interchange/Runtime/Content/gltf/MaterialInstances/MI_Default_Blend_DS.uasset" 837
"../../../Engine/Plugins/Interchange/Runtime/Content/gltf/MaterialInstances/MI_Default_Blend_DS.uexp" 838
"../../../Engine/Plugins/Interchange/Runtime/Content/gltf/MaterialInstances/MI_Default_Blend.uasset" 839
"../../../Engine/Plugins/Interchange/Runtime/Content/gltf/MaterialInstances/MI_Default_Blend.uexp" 840
"../../../Engine/Content/Functions/Engine_MaterialFunctions01/Texturing/FlattenNormal.uasset" 841
"../../../Engine/Content/Functions/Engine_MaterialFunctions01/Texturing/FlattenNormal.uexp" 842
"../../../Engine/Plugins/Interchange/Runtime/Content/gltf/MaterialFunctions/MF_Clearcoat.uasset" 843
"../../../Engine/Plugins/Interchange/Runtime/Content/gltf/MaterialFunctions/MF_Clearcoat.uexp" 844
"../../../Engine/Plugins/Interchange/Runtime/Content/gltf/MaterialBodies/MF_ClearCoat_Body.uasset" 845
"../../../Engine/Plugins/Interchange/Runtime/Content/gltf/MaterialBodies/MF_ClearCoat_Body.uexp" 846
"../../../Engine/Plugins/Interchange/Runtime/Content/gltf/M_ClearCoat.uasset" 847
"../../../Engine/Plugins/Interchange/Runtime/Content/gltf/M_ClearCoat.uexp" 848
"../../../Engine/Plugins/Interchange/Runtime/Content/gltf/MaterialInstances/MI_ClearCoat_Opaque_DS.uasset" 849
"../../../Engine/Plugins/Interchange/Runtime/Content/gltf/MaterialInstances/MI_ClearCoat_Opaque_DS.uexp" 850
"../../../Engine/Plugins/Interchange/Runtime/Content/gltf/MaterialInstances/MI_ClearCoat_Opaque.uasset" 851
"../../../Engine/Plugins/Interchange/Runtime/Content/gltf/MaterialInstances/MI_ClearCoat_Opaque.uexp" 852
"../../../Engine/Plugins/Interchange/Runtime/Content/gltf/MaterialInstances/MI_ClearCoat_Mask_DS.uasset" 853
"../../../Engine/Plugins/Interchange/Runtime/Content/gltf/MaterialInstances/MI_ClearCoat_Mask_DS.uexp" 854
"../../../Engine/Plugins/Interchange/Runtime/Content/gltf/MaterialInstances/MI_ClearCoat_Mask.uasset" 855
"../../../Engine/Plugins/Interchange/Runtime/Content/gltf/MaterialInstances/MI_ClearCoat_Mask.uexp" 856
"../../../Engine/Plugins/Interchange/Runtime/Content/gltf/MaterialInstances/MI_ClearCoat_Blend_DS.uasset" 857
"../../../Engine/Plugins/Interchange/Runtime/Content/gltf/MaterialInstances/MI_ClearCoat_Blend_DS.uexp" 858
"../../../Engine/Plugins/Interchange/Runtime/Content/gltf/MaterialInstances/MI_ClearCoat_Blend.uasset" 859
"../../../Engine/Plugins/Interchange/Runtime/Content/gltf/MaterialInstances/MI_ClearCoat_Blend.uexp" 860
"../../../Engine/Content/Functions/Engine_MaterialFunctions01/Shading/PowerToRoughness.uasset" 861
"../../../Engine/Content/Functions/Engine_MaterialFunctions01/Shading/PowerToRoughness.uexp" 862
"../../../Engine/Content/Functions/Engine_MaterialFunctions01/Shading/ConvertFromDiffSpec.uasset" 863
"../../../Engine/Content/Functions/Engine_MaterialFunctions01/Shading/ConvertFromDiffSpec.uexp" 864
"../../../Engine/Content/EngineMaterials/Substrate/Volume/SubstrateSimpleVolumeLUT3D.uasset" 865
"../../../Engine/Content/EngineMaterials/Substrate/Volume/SubstrateSimpleVolumeLUT3D.uexp" 866
"../../../Engine/Content/EngineMaterials/Substrate/Volume/SubstrateSimpleVolumeEnvLUT3D.uasset" 867
"../../../Engine/Content/EngineMaterials/Substrate/Volume/SubstrateSimpleVolumeEnvLUT3D.uexp" 868
"../../../Engine/Content/EngineMaterials/Substrate/GLints2/AGlintTex2dArray2.uasset" 869
"../../../Engine/Content/EngineMaterials/Substrate/GLints2/AGlintTex2dArray2.uexp" 870
"../../../Engine/Content/EngineMaterials/Substrate/GLints/AGlintTex2dArray.uasset" 871
"../../../Engine/Content/EngineMaterials/Substrate/GLints/AGlintTex2dArray.uexp" 872
"../../../Engine/Content/BasicShapes/Plane.ubulk" 873
"../../../Engine/Content/BasicShapes/Plane.uasset" 874
"../../../Engine/Content/BasicShapes/Plane.uexp" 875
"C:/Users/rhigginso/Desktop/Class Folders/4) Senior - Fall/Unreal/MidTerm_Scripting/Content/Materials/MatteBlack.uasset" 876
"C:/Users/rhigginso/Desktop/Class Folders/4) Senior - Fall/Unreal/MidTerm_Scripting/Content/Materials/MatteBlack.uexp" 877
"C:/Users/rhigginso/Desktop/Class Folders/4) Senior - Fall/Unreal/MidTerm_Scripting/Content/Materials/Glow.uasset" 878
"C:/Users/rhigginso/Desktop/Class Folders/4) Senior - Fall/Unreal/MidTerm_Scripting/Content/Materials/Glow.uexp" 879
"C:/Users/rhigginso/Desktop/Class Folders/4) Senior - Fall/Unreal/MidTerm_Scripting/Content/Blueprint_E/BP_MovingBlock.uasset" 880
"C:/Users/rhigginso/Desktop/Class Folders/4) Senior - Fall/Unreal/MidTerm_Scripting/Content/Blueprint_E/BP_MovingBlock.uexp" 881
"../../../Engine/Content/EngineMaterials/FlattenMaterial_WS_Normal_VT.uasset" 882
"../../../Engine/Content/EngineMaterials/FlattenMaterial_WS_Normal_VT.uexp" 883
"../../../Engine/Content/OpenWorldTemplate/HLOD/HLOD0_Instancing.uasset" 884
"../../../Engine/Content/OpenWorldTemplate/HLOD/HLOD0_Instancing.uexp" 885
"../../../Engine/Content/EngineSky/T_Sky_Stars.ubulk" 886
"../../../Engine/Content/EngineSky/T_Sky_Stars.uasset" 887
"../../../Engine/Content/EngineSky/T_Sky_Stars.uexp" 888
"../../../Engine/Content/EngineSky/T_Sky_Clouds_M.ubulk" 889
"../../../Engine/Content/EngineSky/T_Sky_Clouds_M.uasset" 890
"../../../Engine/Content/EngineSky/T_Sky_Clouds_M.uexp" 891
"../../../Engine/Content/EngineSky/T_Sky_Blue.ubulk" 892
"../../../Engine/Content/EngineSky/T_Sky_Blue.uasset" 893
"../../../Engine/Content/EngineSky/T_Sky_Blue.uexp" 894
"../../../Engine/Content/EngineSky/M_Sky_Panning_Clouds2.uasset" 895
"../../../Engine/Content/EngineSky/M_Sky_Panning_Clouds2.uexp" 896
"../../../Engine/Content/EngineSky/SM_SkySphere.ubulk" 897
"../../../Engine/Content/EngineSky/SM_SkySphere.uasset" 898
"../../../Engine/Content/EngineSky/SM_SkySphere.uexp" 899
"../../../Engine/Content/EngineSky/M_SimpleSkyDome.uasset" 900
"../../../Engine/Content/EngineSky/M_SimpleSkyDome.uexp" 901
"C:/Users/rhigginso/Desktop/Class Folders/4) Senior - Fall/Unreal/MidTerm_Scripting/Content/Blueprint_E/Player2.uasset" 902
"C:/Users/rhigginso/Desktop/Class Folders/4) Senior - Fall/Unreal/MidTerm_Scripting/Content/Blueprint_E/Player2.uexp" 903
"C:/Users/rhigginso/Desktop/Class Folders/4) Senior - Fall/Unreal/MidTerm_Scripting/Content/Blueprint_E/Player1.uasset" 904
"C:/Users/rhigginso/Desktop/Class Folders/4) Senior - Fall/Unreal/MidTerm_Scripting/Content/Blueprint_E/Player1.uexp" 905
"../../../Engine/Content/EngineMaterials/DefaultPhysicalMaterial.uasset" 906
"../../../Engine/Content/EngineMaterials/DefaultPhysicalMaterial.uexp" 907
"../../../Engine/Content/EngineMaterials/BlendFunc_DefBlend.uasset" 908
"../../../Engine/Content/EngineMaterials/BlendFunc_DefBlend.uexp" 909
"../../../Engine/Content/OpenWorldTemplate/LandscapeMaterial/T_GridChecker_A.ubulk" 910
"../../../Engine/Content/OpenWorldTemplate/LandscapeMaterial/T_GridChecker_A.uasset" 911
"../../../Engine/Content/OpenWorldTemplate/LandscapeMaterial/T_GridChecker_A.uexp" 912
"../../../Engine/Content/EngineMaterials/BlendFunc_DefBase.uasset" 913
"../../../Engine/Content/EngineMaterials/BlendFunc_DefBase.uexp" 914
"../../../Engine/Content/Functions/Engine_MaterialFunctions03/Blends/Blend_Overlay.uasset" 915
"../../../Engine/Content/Functions/Engine_MaterialFunctions03/Blends/Blend_Overlay.uexp" 916
"../../../Engine/Content/Functions/Engine_MaterialFunctions01/Gradient/LinearGradient.uasset" 917
"../../../Engine/Content/Functions/Engine_MaterialFunctions01/Gradient/LinearGradient.uexp" 918
"../../../Engine/Content/Functions/Engine_MaterialFunctions01/ImageAdjustment/CheapContrast.uasset" 919
"../../../Engine/Content/Functions/Engine_MaterialFunctions01/ImageAdjustment/CheapContrast.uexp" 920
"../../../Engine/Content/OpenWorldTemplate/LandscapeMaterial/MF_ProcGrid.uasset" 921
"../../../Engine/Content/OpenWorldTemplate/LandscapeMaterial/MF_ProcGrid.uexp" 922
"../../../Engine/Content/OpenWorldTemplate/LandscapeMaterial/M_ProcGrid.uasset" 923
"../../../Engine/Content/OpenWorldTemplate/LandscapeMaterial/M_ProcGrid.uexp" 924
"C:/Users/rhigginso/Desktop/Class Folders/4) Senior - Fall/Unreal/MidTerm_Scripting/Content/Levels/MainMenu.uexp" 925
"C:/Users/rhigginso/Desktop/Class Folders/4) Senior - Fall/Unreal/MidTerm_Scripting/Content/Levels/MainMenu.umap" 926
"C:/Users/rhigginso/Desktop/Class Folders/4) Senior - Fall/Unreal/MidTerm_Scripting/Content/Levels/Level1.uexp" 927
"C:/Users/rhigginso/Desktop/Class Folders/4) Senior - Fall/Unreal/MidTerm_Scripting/Content/Levels/Level1.umap" 928
"C:/Users/rhigginso/Desktop/Class Folders/4) Senior - Fall/Unreal/MidTerm_Scripting/Content/Blueprint_E/TankController.uasset" 929
"C:/Users/rhigginso/Desktop/Class Folders/4) Senior - Fall/Unreal/MidTerm_Scripting/Content/Blueprint_E/TankController.uexp" 930
"C:/Users/rhigginso/Desktop/Class Folders/4) Senior - Fall/Unreal/MidTerm_Scripting/Content/Inputs/InputsPlayer/P2_RotateClockwise.uasset" 931
"C:/Users/rhigginso/Desktop/Class Folders/4) Senior - Fall/Unreal/MidTerm_Scripting/Content/Inputs/InputsPlayer/P2_RotateClockwise.uexp" 932
"C:/Users/rhigginso/Desktop/Class Folders/4) Senior - Fall/Unreal/MidTerm_Scripting/Content/Inputs/InputsPlayer/P2_Backward.uasset" 933
"C:/Users/rhigginso/Desktop/Class Folders/4) Senior - Fall/Unreal/MidTerm_Scripting/Content/Inputs/InputsPlayer/P2_Backward.uexp" 934
"C:/Users/rhigginso/Desktop/Class Folders/4) Senior - Fall/Unreal/MidTerm_Scripting/Content/Inputs/InputsPlayer/P2_Shoot.uasset" 935
"C:/Users/rhigginso/Desktop/Class Folders/4) Senior - Fall/Unreal/MidTerm_Scripting/Content/Inputs/InputsPlayer/P2_Shoot.uexp" 936
"C:/Users/rhigginso/Desktop/Class Folders/4) Senior - Fall/Unreal/MidTerm_Scripting/Content/Inputs/InputsPlayer/P2_Forward.uasset" 937
"C:/Users/rhigginso/Desktop/Class Folders/4) Senior - Fall/Unreal/MidTerm_Scripting/Content/Inputs/InputsPlayer/P2_Forward.uexp" 938
"C:/Users/rhigginso/Desktop/Class Folders/4) Senior - Fall/Unreal/MidTerm_Scripting/Content/Inputs/InputsPlayer/P2_RotateCounterClockwise.uasset" 939
"C:/Users/rhigginso/Desktop/Class Folders/4) Senior - Fall/Unreal/MidTerm_Scripting/Content/Inputs/InputsPlayer/P2_RotateCounterClockwise.uexp" 940
"C:/Users/rhigginso/Desktop/Class Folders/4) Senior - Fall/Unreal/MidTerm_Scripting/Content/Inputs/PlayerInputs.uasset" 941
"C:/Users/rhigginso/Desktop/Class Folders/4) Senior - Fall/Unreal/MidTerm_Scripting/Content/Inputs/PlayerInputs.uexp" 942
"C:/Users/rhigginso/Desktop/Class Folders/4) Senior - Fall/Unreal/MidTerm_Scripting/Content/Blueprint_E/TankGameMode.uasset" 943
"C:/Users/rhigginso/Desktop/Class Folders/4) Senior - Fall/Unreal/MidTerm_Scripting/Content/Blueprint_E/TankGameMode.uexp" 944
"C:/Users/rhigginso/Desktop/Class Folders/4) Senior - Fall/Unreal/MidTerm_Scripting/Content/EthansTest/MAP_HLOD0_Instancing.uasset" 945
"C:/Users/rhigginso/Desktop/Class Folders/4) Senior - Fall/Unreal/MidTerm_Scripting/Content/EthansTest/MAP_HLOD0_Instancing.uexp" 946
"C:/Users/rhigginso/Desktop/Class Folders/4) Senior - Fall/Unreal/MidTerm_Scripting/Content/EthansTest/MAP.uexp" 947
"C:/Users/rhigginso/Desktop/Class Folders/4) Senior - Fall/Unreal/MidTerm_Scripting/Content/EthansTest/MAP.ubulk" 948
"C:/Users/rhigginso/Desktop/Class Folders/4) Senior - Fall/Unreal/MidTerm_Scripting/Content/EthansTest/MAP.umap" 949
"../../../Engine/Content/Maps/Entry_BuiltData.uasset" 950
"../../../Engine/Content/Maps/Entry_BuiltData.uexp" 951
"../../../Engine/Content/Maps/Entry.uexp" 952
"../../../Engine/Content/Maps/Entry.umap" 953
"C:/Users/rhigginso/Desktop/Class Folders/4) Senior - Fall/Unreal/MidTerm_Scripting/Content/EthansTest/MAP/_Generated_/0ELVC9YID70PDJX31HDJSQY5F.uexp" 954
"C:/Users/rhigginso/Desktop/Class Folders/4) Senior - Fall/Unreal/MidTerm_Scripting/Content/EthansTest/MAP/_Generated_/0ELVC9YID70PDJX31HDJSQY5F.umap" 955
"C:/Users/rhigginso/Desktop/Class Folders/4) Senior - Fall/Unreal/MidTerm_Scripting/Content/EthansTest/MAP/_Generated_/7V2Y8VBKGJOZ68A75525OS1AK.uexp" 956
"C:/Users/rhigginso/Desktop/Class Folders/4) Senior - Fall/Unreal/MidTerm_Scripting/Content/EthansTest/MAP/_Generated_/7V2Y8VBKGJOZ68A75525OS1AK.umap" 957
"C:/Users/rhigginso/Desktop/Class Folders/4) Senior - Fall/Unreal/MidTerm_Scripting/Content/EthansTest/MAP/_Generated_/3AEJ2ZJPRV7HIEQXZFYNGB0NI.uexp" 958
"C:/Users/rhigginso/Desktop/Class Folders/4) Senior - Fall/Unreal/MidTerm_Scripting/Content/EthansTest/MAP/_Generated_/3AEJ2ZJPRV7HIEQXZFYNGB0NI.umap" 959
"C:/Users/rhigginso/Desktop/Class Folders/4) Senior - Fall/Unreal/MidTerm_Scripting/Content/EthansTest/MAP/_Generated_/631VJMOIW6AP263G9KNRZJNH3.uexp" 960
"C:/Users/rhigginso/Desktop/Class Folders/4) Senior - Fall/Unreal/MidTerm_Scripting/Content/EthansTest/MAP/_Generated_/631VJMOIW6AP263G9KNRZJNH3.umap" 961
"C:/Users/rhigginso/Desktop/Class Folders/4) Senior - Fall/Unreal/MidTerm_Scripting/Content/EthansTest/MAP/_Generated_/CXRAE827KGDL8J1QI26RUR4Q2.uexp" 962
"C:/Users/rhigginso/Desktop/Class Folders/4) Senior - Fall/Unreal/MidTerm_Scripting/Content/EthansTest/MAP/_Generated_/CXRAE827KGDL8J1QI26RUR4Q2.umap" 963
"C:/Users/rhigginso/Desktop/Class Folders/4) Senior - Fall/Unreal/MidTerm_Scripting/Content/EthansTest/MAP/_Generated_/6DK9PH9OTL1AJW103LUFJOK7H.uexp" 964
"C:/Users/rhigginso/Desktop/Class Folders/4) Senior - Fall/Unreal/MidTerm_Scripting/Content/EthansTest/MAP/_Generated_/6DK9PH9OTL1AJW103LUFJOK7H.umap" 965
